Executing action: monitor
Running idf_monitor in directory /home/borto/OBD/esp32/obd_ble_bridge
Executing "/home/borto/.espressif/python_env/idf6.0_py3.12_env/bin/python /home/borto/esp/esp-idf/tools/idf_monitor.py -p /dev/ttyUSB0 -b 115200 --toolchain-prefix xtensa-esp32-elf- --target esp32 --revision 0 /home/borto/OBD/esp32/obd_ble_bridge/build/esp32_ble_obd_bridge.elf /home/borto/OBD/esp32/obd_ble_bridge/build/bootloader/bootloader.elf -m '/home/borto/.espressif/python_env/idf6.0_py3.12_env/bin/python' '/home/borto/esp/esp-idf/tools/idf.py' '-p' '/dev/ttyUSB0'"...
[0;32mI (364) boot: Loaded app from partition at offset 0x10000[0m
[0;32mI (364) boot: Disabling RNG early entropy source...[0m
I (375ets Jul 29 2019 12:21:46

rst:0x1 (POWERON_RESET),boot:0x13 (SPI_FAST_FLASH_BOOT)
configsip: 0, SPIWP:0xee
clk_drv:0x00,q_drv:0x00,d_drv:0x00,cs0_drv:0x00,hd_drv:0x00,wp_drv:0x00
mode:DIO, clock div:2
load:0x3fff0030,len:6372
load:0x40078000,len:15920
ho 0 tail 12 room 4
load:0x40080400,len:3880
entry 0x40080638
[0;32mI (29) boot: ESP-IDF v6.0-dev-1489-g4e036983a7 2nd stage bootloader[0m
[0;32mI (29) boot: compile time Aug  6 2025 12:13:21[0m
[0;32mI (29) boot: Multicore bootloader[0m
[0;32mI (32) boot: chip revision: v3.1[0m
[0;32mI (35) boot.esp32: SPI Speed      : 40MHz[0m
[0;32mI (39) boot.esp32: SPI Mode       : DIO[0m
[0;32mI (42) boot.esp32: SPI Flash Size : 2MB[0m
[0;32mI (46) boot: Enabling RNG early entropy source...[0m
[0;32mI (50) boot: Partition Table:[0m
[0;32mI (53) boot: ## Label            Usage          Type ST Offset   Length[0m
[0;32mI (59) boot:  0 nvs              WiFi data        01 02 00009000 00006000[0m
[0;32mI (66) boot:  1 phy_init         RF data          01 01 0000f000 00001000[0m
[0;32mI (72) boot:  2 factory          factory app      00 00 00010000 00100000[0m
[0;32mI (79) boot: End of partition table[0m
[0;32mI (82) esp_image: segment 0: paddr=00010020 vaddr=3f400020 size=1e6b8h (124600) map[0m
[0;32mI (134) esp_image: segment 1: paddr=0002e6e0 vaddr=3ffbdb60 size=01938h (  6456) load[0m
[0;32mI (136) esp_image: segment 2: paddr=00030020 vaddr=400d0020 size=73d7ch (474492) map[0m
[0;32mI (305) esp_image: segment 3: paddr=000a3da4 vaddr=3ffbf498 size=0318ch ( 12684) load[0m
[0;32mI (311) esp_image: segment 4: paddr=000a6f38 vaddr=40080000 size=189d4h (100820) load[0m
[0;32mI (351) esp_image: segment 5: paddr=000bf914 vaddr=50000000 size=00024h (    36) load[0m
[0;32mI (364) boot: Loaded app from partition at offset 0x10000[0m
[0;32mI (364) boot: Disabling RNG early entropy source...[0m
[0;32mI (375) cpu_start: Multicore app[0m
[0;32mI (383) cpu_start: GPIO 3 and 1 are used as console UART I/O pins[0m
[0;32mI (383) cpu_start: Pro cpu start user code[0m
[0;32mI (383) cpu_start: cpu freq: 160000000 Hz[0m
[0;32mI (385) app_init: Application information:[0m
[0;32mI (389) app_init: Project name:     esp32_ble_obd_bridge[0m
[0;32mI (394) app_init: App version:      d82700a[0m
[0;32mI (398) app_init: Compile time:     Aug  7 2025 09:08:12[0m
[0;32mI (403) app_init: ELF file SHA256:  ba5622419...[0m
[0;32mI (407) app_init: ESP-IDF:          v6.0-dev-1489-g4e036983a7[0m
[0;32mI (413) efuse_init: Min chip rev:     v0.0[0m
[0;32mI (417) efuse_init: Max chip rev:     v3.99 [0m
[0;32mI (421) efuse_init: Chip rev:         v3.1[0m
[0;32mI (425) heap_init: Initializing. RAM available for dynamic allocation:[0m
[0;32mI (431) heap_init: At 3FFAFF10 len 000000F0 (0 KiB): DRAM[0m
[0;32mI (436) heap_init: At 3FFB6388 len 00001C78 (7 KiB): DRAM[0m
[0;32mI (441) heap_init: At 3FFB9A20 len 00004108 (16 KiB): DRAM[0m
[0;32mI (446) heap_init: At 3FFC6F30 len 000190D0 (100 KiB): DRAM[0m
[0;32mI (451) heap_init: At 3FFE0440 len 00003AE0 (14 KiB): D/IRAM[0m
[0;32mI (457) heap_init: At 3FFE4350 len 0001BCB0 (111 KiB): D/IRAM[0m
[0;32mI (462) heap_init: At 400989D4 len 0000762C (29 KiB): IRAM[0m
[0;32mI (469) spi_flash: detected chip: generic[0m
[0;32mI (471) spi_flash: flash io: dio[0m
[0;33mW (474) spi_flash: Detected size(4096k) larger than the size in the binary image header(2048k). Using the size in the binary image header.[0m
[0;32mI (487) coexist: coex firmware version: 831ec70[0m
[0;32mI (491) main_task: Started on CPU0[0m
[0;32mI (501) main_task: Calling app_main()[0m
[1;31mE (501) SPIFFS: spiffs partition could not be found[0m
[1;31mE (501) MAIN: SPIFFS Init fail (261)[0m
[0;32mI (501) BTDM_INIT: BT controller compile version [d9a3de0][0m
[0;32mI (501) BTDM_INIT: Using main XTAL as clock source[0m
[0;32mI (511) BTDM_INIT: Bluetooth MAC: 90:15:06:94:33:2e[0m
[0;32mI (521) phy_init: phy_version 4860,6b7a6e5,Feb  6 2025,14:47:07[0m
[1;31mE (521) phy_init: esp_phy_load_cal_data_from_nvs: NVS has not been initialized. Call nvs_flash_init before starting WiFi/BT.[0m
[0;33mW (531) phy_init: failed to load RF calibration data (0x1101), falling back to full calibration[0m
[0;32mI (601) phy_init: Saving new calibration data due to checksum failure or outdated calibration data, mode(2)[0m
[1;31mE (851) BT_OSI: config_new: NVS not initialized. Call nvs_flash_init before initializing bluetooth.[0m
[0;33mW (851) BT_BTC: btc_config_init unable to load config file; starting unconfigured.[0m

[1;31mE (851) BT_OSI: config_save: NVS not initialized. Call nvs_flash_init before initializing bluetooth.[0m
[1;31mE (861) BT_OSI: config_save, err_code: 0x2[0m

[1;31mE (941) BT_OSI: config_save: NVS not initialized. Call nvs_flash_init before initializing bluetooth.[0m
[1;31mE (941) BT_OSI: config_save, err_code: 0x2[0m

[1;31mE (941) BT_OSI: config_save: NVS not initialized. Call nvs_flash_init before initializing bluetooth.[0m
[1;31mE (951) BT_OSI: config_save, err_code: 0x2[0m

[1;31mE (951) BT_OSI: config_save: NVS not initialized. Call nvs_flash_init before initializing bluetooth.[0m
[1;31mE (961) BT_OSI: config_save, err_code: 0x2[0m

[1;31mE (971) BT_OSI: config_save: NVS not initialized. Call nvs_flash_init before initializing bluetooth.[0m
[1;31mE (981) BT_OSI: config_save, err_code: 0x2[0m

[0;32mI (981) BLE_MINIMAL: ESP_GATTS_REG_EVT[0m

assert failed: insert_free_block tlsf_control_functions.h:400 (current && "free list cannot have a null entry")


Backtrace: 0x4008f8a9:0x3ffcad00 0x4008f871:0x3ffcad20 0x40095c35:0x3ffcad40 0x40094c0b:0x3ffcae60 0x400943e6:0x3ffcae80 0x40081ec5:0x3ffcaea0 0x40081ff5:0x3ffcaec0 0x4008202d:0x3ffcaef0 0x40081ca4:0x3ffcaf10 0x40090b9d:0x3ffcaf30 0x4008fdae:0x3ffcaf50 0x40090024:0x3ffcaf70 0x4010773d:0x3ffcaf90 0x40106bb4:0x3ffcafb0 0x400f97b5:0x3ffcafd0 0x400f2b3c:0x3ffcaff0 0x40117d17:0x3ffcb030 0x4010a1f6:0x3ffcb080 0x4010a65a:0x3ffcb0a0 0x401078cb:0x3ffcb0c0 0x40090545:0x3ffcb0f0




ELF file SHA256: ba5622419

Rebooting...
ets Jul 29 2019 12:21:46

rst:0xc (SW_CPU_RESET),boot:0x13 (SPI_FAST_FLASH_BOOT)
configsip: 0, SPIWP:0xee
clk_drv:0x00,q_drv:0x00,d_drv:0x00,cs0_drv:0x00,hd_drv:0x00,wp_drv:0x00
mode:DIO, clock div:2
load:0x3fff0030,len:6372
load:0x40078000,len:15920
ho 0 tail 12 room 4
load:0x40080400,len:3880
entry 0x40080638
[0;32mI (29) boot: ESP-IDF v6.0-dev-1489-g4e036983a7 2nd stage bootloader[0m
[0;32mI (29) boot: compile time Aug  6 2025 12:13:21[0m
[0;32mI (29) boot: Multicore bootloader[0m
[0;32mI (32) boot: chip revision: v3.1[0m
[0;32mI (35) boot.esp32: SPI Speed      : 40MHz[0m
[0;32mI (39) boot.esp32: SPI Mode       : DIO[0m
[0;32mI (42) boot.esp32: SPI Flash Size : 2MB[0m
[0;32mI (46) boot: Enabling RNG early entropy source...[0m
[0;32mI (50) boot: Partition Table:[0m
[0;32mI (53) boot: ## Label            Usage          Type ST Offset   Length[0m
[0;32mI (59) boot:  0 nvs              WiFi data        01 02 00009000 00006000[0m
[0;32mI (66) boot:  1 phy_init         RF data          01 01 0000f000 00001000[0m
[0;32mI (72) boot:  2 factory          factory app      00 00 00010000 00100000[0m
[0;32mI (79) boot: End of partition table[0m
[0;32mI (82) esp_image: segment 0: paddr=00010020 vaddr=3f400020 size=1e6b8h (124600) map[0m
[0;32mI (134) esp_image: segment 1: paddr=0002e6e0 vaddr=3ffbdb60 size=01938h (  6456) load[0m
[0;32mI (136) esp_image: segment 2: paddr=00030020 vaddr=400d0020 size=73d7ch (474492) map[0m
[0;32mI (305) esp_image: segment 3: paddr=000a3da4 vaddr=3ffbf498 size=0318ch ( 12684) load[0m
[0;32mI (310) esp_image: segment 4: paddr=000a6f38 vaddr=40080000 size=189d4h (100820) load[0m
[0;32mI (351) esp_image: segment 5: paddr=000bf914 vaddr=50000000 size=00024h (    36) load[0m
[0;32mI (364) boot: Loaded app from partition at offset 0x10000[0m
[0;32mI (364) boot: Disabling RNG early entropy source...[0m
[0;32mI (375) cpu_start: Multicore app[0m
[0;32mI (383) cpu_start: GPIO 3 and 1 are used as console UART I/O pins[0m
[0;32mI (383) cpu_start: Pro cpu start user code[0m
[0;32mI (383) cpu_start: cpu freq: 160000000 Hz[0m
[0;32mI (385) app_init: Application information:[0m
[0;32mI (389) app_init: Project name:     esp32_ble_obd_bridge[0m
[0;32mI (394) app_init: App version:      d82700a[0m
[0;32mI (398) app_init: Compile time:     Aug  7 2025 09:08:12[0m
[0;32mI (403) app_init: ELF file SHA256:  ba5622419...[0m
[0;32mI (407) app_init: ESP-IDF:          v6.0-dev-1489-g4e036983a7[0m
[0;32mI (413) efuse_init: Min chip rev:     v0.0[0m
[0;32mI (416) efuse_init: Max chip rev:     v3.99 [0m
[0;32mI (420) efuse_init: Chip rev:         v3.1[0m
[0;32mI (425) heap_init: Initializing. RAM available for dynamic allocation:[0m
[0;32mI (431) heap_init: At 3FFAFF10 len 000000F0 (0 KiB): DRAM[0m
[0;32mI (436) heap_init: At 3FFB6388 len 00001C78 (7 KiB): DRAM[0m
[0;32mI (441) heap_init: At 3FFB9A20 len 00004108 (16 KiB): DRAM[0m
[0;32mI (446) heap_init: At 3FFC6F30 len 000190D0 (100 KiB): DRAM[0m
[0;32mI (451) heap_init: At 3FFE0440 len 00003AE0 (14 KiB): D/IRAM[0m
[0;32mI (457) heap_init: At 3FFE4350 len 0001BCB0 (111 KiB): D/IRAM[0m
[0;32mI (462) heap_init: At 400989D4 len 0000762C (29 KiB): IRAM[0m
[0;32mI (469) spi_flash: detected chip: generic[0m
[0;32mI (471) spi_flash: flash io: dio[0m
[0;33mW (474) spi_flash: Detected size(4096k) larger than the size in the binary image header(2048k). Using the size in the binary image header.[0m
[0;32mI (487) coexist: coex firmware version: 831ec70[0m
[0;32mI (491) main_task: Started on CPU0[0m
[0;32mI (501) main_task: Calling app_main()[0m
[1;31mE (501) SPIFFS: spiffs partition could not be found[0m
[1;31mE (501) MAIN: SPIFFS Init fail (261)[0m
[0;32mI (501) BTDM_INIT: BT controller compile version [d9a3de0][0m
[0;32mI (501) BTDM_INIT: Using main XTAL as clock source[0m
[0;32mI (511) BTDM_INIT: Bluetooth MAC: 90:15:06:94:33:2e[0m
[0;32mI (521) phy_init: phy_version 4860,6b7a6e5,Feb  6 2025,14:47:07[0m
[1;31mE (521) phy_init: esp_phy_load_cal_data_from_nvs: NVS has not been initialized. Call nvs_flash_init before starting WiFi/BT.[0m
[0;33mW (531) phy_init: failed to load RF calibration data (0x1101), falling back to full calibration[0m
[0;32mI (601) phy_init: Saving new calibration data due to checksum failure or outdated calibration data, mode(2)[0m
[1;31mE (841) BT_OSI: config_new: NVS not initialized. Call nvs_flash_init before initializing bluetooth.[0m
[0;33mW (841) BT_BTC: btc_config_init unable to load config file; starting unconfigured.[0m

[1;31mE (851) BT_OSI: config_save: NVS not initialized. Call nvs_flash_init before initializing bluetooth.[0m
[1;31mE (861) BT_OSI: config_save, err_code: 0x2[0m

[1;31mE (941) BT_OSI: config_save: NVS not initialized. Call nvs_flash_init before initializing bluetooth.[0m
[1;31mE (941) BT_OSI: config_save, err_code: 0x2[0m

[1;31mE (941) BT_OSI: config_save: NVS not initialized. Call nvs_flash_init before initializing bluetooth.[0m
[1;31mE (951) BT_OSI: config_save, err_code: 0x2[0m

[1;31mE (951) BT_OSI: config_save: NVS not initialized. Call nvs_flash_init before initializing bluetooth.[0m
[1;31mE (961) BT_OSI: config_save, err_code: 0x2[0m

[1;31mE (971) BT_OSI: config_save: NVS not initialized. Call nvs_flash_init before initializing bluetooth.[0m
[1;31mE (971) BT_OSI: config_save, err_code: 0x2[0m

[0;32mI (981) BLE_MINIMAL: ESP_GATTS_REG_EVT[0m

assert failed: insert_free_block tlsf_control_functions.h:400 (current && "free list cannot have a null entry")


Backtrace: 0x4008f8a9:0x3ffcad00 0x4008f871:0x3ffcad20 0x40095c35:0x3ffcad40 0x40094c0b:0x3ffcae60 0x400943e6:0x3ffcae80 0x40081ec5:0x3ffcaea0 0x40081ff5:0x3ffcaec0 0x4008202d:0x3ffcaef0 0x40081ca4:0x3ffcaf10 0x40090b9d:0x3ffcaf30 0x4008fdae:0x3ffcaf50 0x40090024:0x3ffcaf70 0x4010773d:0x3ffcaf90 0x40106bb4:0x3ffcafb0 0x400f97b5:0x3ffcafd0 0x400f2b3c:0x3ffcaff0 0x40117d17:0x3ffcb030 0x4010a1f6:0x3ffcb080 0x4010a65a:0x3ffcb0a0 0x401078cb:0x3ffcb0c0 0x40090545:0x3ffcb0f0




ELF file SHA256: ba5622419

Rebooting...
ets Jul 29 2019 12:21:46

rst:0xc (SW_CPU_RESET),boot:0x13 (SPI_FAST_FLASH_BOOT)
configsip: 0, SPIWP:0xee
clk_drv:0x00,q_drv:0x00,d_drv:0x00,cs0_drv:0x00,hd_drv:0x00,wp_drv:0x00
mode:DIO, clock div:2
load:0x3fff0030,len:6372
load:0x40078000,len:15920
ho 0 tail 12 room 4
load:0x40080400,len:3880
entry 0x40080638
[0;32mI (29) boot: ESP-IDF v6.0-dev-1489-g4e036983a7 2nd stage bootloader[0m
[0;32mI (29) boot: compile time Aug  6 2025 12:13:21[0m
[0;32mI (29) boot: Multicore bootloader[0m
[0;32mI (32) boot: chip revision: v3.1[0m
[0;32mI (35) boot.esp32: SPI Speed      : 40MHz[0m
[0;32mI (39) boot.esp32: SPI Mode       : DIO[0m
[0;32mI (42) boot.esp32: SPI Flash Size : 2MB[0m
[0;32mI (46) boot: Enabling RNG early entropy source...[0m
[0;32mI (50) boot: Partition Table:[0m
[0;32mI (53) boot: ## Label            Usage          Type ST Offset   Length[0m
[0;32mI (59) boot:  0 nvs              WiFi data        01 02 00009000 00006000[0m
[0;32mI (66) boot:  1 phy_init         RF data          01 01 0000f000 00001000[0m
[0;32mI (72) boot:  2 factory          factory app      00 00 00010000 00100000[0m
[0;32mI (79) boot: End of partition table[0m
[0;32mI (82) esp_image: segment 0: paddr=00010020 vaddr=3f400020 size=1e6b8h (124600) map[0m
[0;32mI (134) esp_image: segment 1: paddr=0002e6e0 vaddr=3ffbdb60 size=01938h (  6456) load[0m
[0;32mI (136) esp_image: segment 2: paddr=00030020 vaddr=400d0020 size=73d7ch (474492) map[0m
[0;32mI (305) esp_image: segment 3: paddr=000a3da4 vaddr=3ffbf498 size=0318ch ( 12684) load[0m
[0;32mI (310) esp_image: segment 4: paddr=000a6f38 vaddr=40080000 size=189d4h (100820) load[0m
[0;32mI (351) esp_image: segment 5: paddr=000bf914 vaddr=50000000 size=00024h (    36) load[0m
[0;32mI (364) boot: Loaded app from partition at offset 0x10000[0m
[0;32mI (364) boot: Disabling RNG early entropy source...[0m
[0;32mI (375) cpu_start: Multicore app[0m
[0;32mI (383) cpu_start: GPIO 3 and 1 are used as console UART I/O pins[0m
[0;32mI (383) cpu_start: Pro cpu start user code[0m
[0;32mI (383) cpu_start: cpu freq: 160000000 Hz[0m
[0;32mI (385) app_init: Application information:[0m
[0;32mI (389) app_init: Project name:     esp32_ble_obd_bridge[0m
[0;32mI (394) app_init: App version:      d82700a[0m
[0;32mI (398) app_init: Compile time:     Aug  7 2025 09:08:12[0m
[0;32mI (403) app_init: ELF file SHA256:  ba5622419...[0m
[0;32mI (407) app_init: ESP-IDF:          v6.0-dev-1489-g4e036983a7[0m
[0;32mI (413) efuse_init: Min chip rev:     v0.0[0m
[0;32mI (416) efuse_init: Max chip rev:     v3.99 [0m
[0;32mI (420) efuse_init: Chip rev:         v3.1[0m
[0;32mI (425) heap_init: Initializing. RAM available for dynamic allocation:[0m
[0;32mI (431) heap_init: At 3FFAFF10 len 000000F0 (0 KiB): DRAM[0m
[0;32mI (436) heap_init: At 3FFB6388 len 00001C78 (7 KiB): DRAM[0m
[0;32mI (441) heap_init: At 3FFB9A20 len 00004108 (16 KiB): DRAM[0m
[0;32mI (446) heap_init: At 3FFC6F30 len 000190D0 (100 KiB): DRAM[0m
[0;32mI (451) heap_init: At 3FFE0440 len 00003AE0 (14 KiB): D/IRAM[0m
[0;32mI (457) heap_init: At 3FFE4350 len 0001BCB0 (111 KiB): D/IRAM[0m
[0;32mI (462) heap_init: At 400989D4 len 0000762C (29 KiB): IRAM[0m
[0;32mI (469) spi_flash: detected chip: generic[0m
[0;32mI (471) spi_flash: flash io: dio[0m
[0;33mW (474) spi_flash: Detected size(4096k) larger than the size in the binary image header(2048k). Using the size in the binary image header.[0m
[0;32mI (487) coexist: coex firmware version: 831ec70[0m
[0;32mI (491) main_task: Started on CPU0[0m
[0;32mI (501) main_task: Calling app_main()[0m
[1;31mE (501) SPIFFS: spiffs partition could not be found[0m
[1;31mE (501) MAIN: SPIFFS Init fail (261)[0m
[0;32mI (501) BTDM_INIT: BT controller compile version [d9a3de0][0m
[0;32mI (501) BTDM_INIT: Using main XTAL as clock source[0m
[0;32mI (511) BTDM_INIT: Bluetooth MAC: 90:15:06:94:33:2e[0m
[0;32mI (521) phy_init: phy_version 4860,6b7a6e5,Feb  6 2025,14:47:07[0m
[1;31mE (521) phy_init: esp_phy_load_cal_data_from_nvs: NVS has not been initialized. Call nvs_flash_init before starting WiFi/BT.[0m
[0;33mW (531) phy_init: failed to load RF calibration data (0x1101), falling back to full calibration[0m
[0;32mI (601) phy_init: Saving new calibration data due to checksum failure or outdated calibration data, mode(2)[0m
[1;31mE (841) BT_OSI: config_new: NVS not initialized. Call nvs_flash_init before initializing bluetooth.[0m
[0;33mW (851) BT_BTC: btc_config_init unable to load config file; starting unconfigured.[0m

[1;31mE (851) BT_OSI: config_save: NVS not initialized. Call nvs_flash_init before initializing bluetooth.[0m
[1;31mE (861) BT_OSI: config_save, err_code: 0x2[0m

[1;31mE (941) BT_OSI: config_save: NVS not initialized. Call nvs_flash_init before initializing bluetooth.[0m
[1;31mE (941) BT_OSI: config_save, err_code: 0x2[0m

[1;31mE (941) BT_OSI: config_save: NVS not initialized. Call nvs_flash_init before initializing bluetooth.[0m
[1;31mE (951) BT_OSI: config_save, err_code: 0x2[0m

[1;31mE (951) BT_OSI: config_save: NVS not initialized. Call nvs_flash_init before initializing bluetooth.[0m
[1;31mE (961) BT_OSI: config_save, err_code: 0x2[0m

[1;31mE (971) BT_OSI: config_save: NVS not initialized. Call nvs_flash_init before initializing bluetooth.[0m
[1;31mE (981) BT_OSI: config_save, err_code: 0x2[0m

[0;32mI (981) BLE_MINIMAL: ESP_GATTS_REG_EVT[0m

assert failed: insert_free_block tlsf_control_functions.h:400 (current && "free list cannot have a null entry")


Backtrace: 0x4008f8a9:0x3ffcad00 0x4008f871:0x3ffcad20 0x40095c35:0x3ffcad40 0x40094c0b:0x3ffcae60 0x400943e6:0x3ffcae80 0x40081ec5:0x3ffcaea0 0x40081ff5:0x3ffcaec0 0x4008202d:0x3ffcaef0 0x40081ca4:0x3ffcaf10 0x40090b9d:0x3ffcaf30 0x4008fdae:0x3ffcaf50 0x40090024:0x3ffcaf70 0x4010773d:0x3ffcaf90 0x40106bb4:0x3ffcafb0 0x400f97b5:0x3ffcafd0 0x400f2b3c:0x3ffcaff0 0x40117d17:0x3ffcb030 0x4010a1f6:0x3ffcb080 0x4010a65a:0x3ffcb0a0 0x401078cb:0x3ffcb0c0 0x40090545:0x3ffcb0f0




ELF file SHA256: ba5622419

Rebooting...
ets Jul 29 2019 12:21:46

rst:0xc (SW_CPU_RESET),boot:0x13 (SPI_FAST_FLASH_BOOT)
configsip: 0, SPIWP:0xee
clk_drv:0x00,q_drv:0x00,d_drv:0x00,cs0_drv:0x00,hd_drv:0x00,wp_drv:0x00
mode:DIO, clock div:2
load:0x3fff0030,len:6372
load:0x40078000,len:15920
ho 0 tail 12 room 4
load:0x40080400,len:3880
entry 0x40080638
[0;32mI (29) boot: ESP-IDF v6.0-dev-1489-g4e036983a7 2nd stage bootloader[0m
[0;32mI (29) boot: compile time Aug  6 2025 12:13:21[0m
[0;32mI (29) boot: Multicore bootloader[0m
[0;32mI (32) boot: chip revision: v3.1[0m
[0;32mI (35) boot.esp32: SPI Speed      : 40MHz[0m
[0;32mI (39) boot.esp32: SPI Mode       : DIO[0m
[0;32mI (42) boot.esp32: SPI Flash Size : 2MB[0m
[0;32mI (46) boot: Enabling RNG early entropy source...[0m
[0;32mI (50) boot: Partition Table:[0m
[0;32mI (53) boot: ## Label            Usage          Type ST Offset   Length[0m
[0;32mI (59) boot:  0 nvs              WiFi data        01 02 00009000 00006000[0m
[0;32mI (66) boot:  1 phy_init         RF data          01 01 0000f000 00001000[0m
[0;32mI (72) boot:  2 factory          factory app      00 00 00010000 00100000[0m
[0;32mI (79) boot: End of partition table[0m
[0;32mI (82) esp_image: segment 0: paddr=00010020 vaddr=3f400020 size=1e6b8h (124600) map[0m
[0;32mI (134) esp_image: segment 1: paddr=0002e6e0 vaddr=3ffbdb60 size=01938h (  6456) load[0m
[0;32mI (136) esp_image: segment 2: paddr=00030020 vaddr=400d0020 size=73d7ch (474492) map[0m
[0;32mI (305) esp_image: segment 3: paddr=000a3da4 vaddr=3ffbf498 size=0318ch ( 12684) load[0m
[0;32mI (310) esp_image: segment 4: paddr=000a6f38 vaddr=40080000 size=189d4h (100820) load[0m
[0;32mI (351) esp_image: segment 5: paddr=000bf914 vaddr=50000000 size=00024h (    36) load[0m
[0;32mI (364) boot: Loaded app from partition at offset 0x10000[0m
[0;32mI (364) boot: Disabling RNG early entropy source...[0m
[0;32mI (375) cpu_start: Multicore app[0m
[0;32mI (383) cpu_start: GPIO 3 and 1 are used as console UART I/O pins[0m
[0;32mI (383) cpu_start: Pro cpu start user code[0m
[0;32mI (383) cpu_start: cpu freq: 160000000 Hz[0m
[0;32mI (385) app_init: Application information:[0m
[0;32mI (389) app_init: Project name:     esp32_ble_obd_bridge[0m
[0;32mI (394) app_init: App version:      d82700a[0m
[0;32mI (398) app_init: Compile time:     Aug  7 2025 09:08:12[0m
[0;32mI (403) app_init: ELF file SHA256:  ba5622419...[0m
[0;32mI (407) app_init: ESP-IDF:          v6.0-dev-1489-g4e036983a7[0m
[0;32mI (413) efuse_init: Min chip rev:     v0.0[0m
[0;32mI (416) efuse_init: Max chip rev:     v3.99 [0m
[0;32mI (420) efuse_init: Chip rev:         v3.1[0m
[0;32mI (425) heap_init: Initializing. RAM available for dynamic allocation:[0m
[0;32mI (431) heap_init: At 3FFAFF10 len 000000F0 (0 KiB): DRAM[0m
[0;32mI (436) heap_init: At 3FFB6388 len 00001C78 (7 KiB): DRAM[0m
[0;32mI (441) heap_init: At 3FFB9A20 len 00004108 (16 KiB): DRAM[0m
[0;32mI (446) heap_init: At 3FFC6F30 len 000190D0 (100 KiB): DRAM[0m
[0;32mI (451) heap_init: At 3FFE0440 len 00003AE0 (14 KiB): D/IRAM[0m
[0;32mI (457) heap_init: At 3FFE4350 len 0001BCB0 (111 KiB): D/IRAM[0m
[0;32mI (462) heap_init: At 400989D4 len 0000762C (29 KiB): IRAM[0m
[0;32mI (469) spi_flash: detected chip: generic[0m
[0;32mI (471) spi_flash: flash io: dio[0m
[0;33mW (474) spi_flash: Detected size(4096k) larger than the size in the binary image header(2048k). Using the size in the binary image header.[0m
[0;32mI (487) coexist: coex firmware version: 831ec70[0m
[0;32mI (491) main_task: Started on CPU0[0m
[0;32mI (501) main_task: Calling app_main()[0m
[1;31mE (501) SPIFFS: spiffs partition could not be found[0m
[1;31mE (501) MAIN: SPIFFS Init fail (261)[0m
[0;32mI (501) BTDM_INIT: BT controller compile version [d9a3de0][0m
[0;32mI (501) BTDM_INIT: Using main XTAL as clock source[0m
[0;32mI (511) BTDM_INIT: Bluetooth MAC: 90:15:06:94:33:2e[0m
[0;32mI (521) phy_init: phy_version 4860,6b7a6e5,Feb  6 2025,14:47:07[0m
[1;31mE (521) phy_init: esp_phy_load_cal_data_from_nvs: NVS has not been initialized. Call nvs_flash_init before starting WiFi/BT.[0m
[0;33mW (531) phy_init: failed to load RF calibration data (0x1101), falling back to full calibration[0m
[0;32mI (601) phy_init: Saving new calibration data due to checksum failure or outdated calibration data, mode(2)[0m
[1;31mE (841) BT_OSI: config_new: NVS not initialized. Call nvs_flash_init before initializing bluetooth.[0m
[0;33mW (841) BT_BTC: btc_config_init unable to load config file; starting unconfigured.[0m

[1;31mE (851) BT_OSI: config_save: NVS not initialized. Call nvs_flash_init before initializing bluetooth.[0m
[1;31mE (861) BT_OSI: config_save, err_code: 0x2[0m

[1;31mE (941) BT_OSI: config_save: NVS not initialized. Call nvs_flash_init before initializing bluetooth.[0m
[1;31mE (941) BT_OSI: config_save, err_code: 0x2[0m

[1;31mE (941) BT_OSI: config_save: NVS not initialized. Call nvs_flash_init before initializing bluetooth.[0m
[1;31mE (951) BT_OSI: config_save, err_code: 0x2[0m

[1;31mE (951) BT_OSI: config_save: NVS not initialized. Call nvs_flash_init before initializing bluetooth.[0m
[1;31mE (961) BT_OSI: config_save, err_code: 0x2[0m

[1;31mE (971) BT_OSI: config_save: NVS not initialized. Call nvs_flash_init before initializing bluetooth.[0m
[1;31mE (971) BT_OSI: config_save, err_code: 0x2[0m

[0;32mI (981) BLE_MINIMAL: ESP_GATTS_REG_EVT[0m

assert failed: insert_free_block tlsf_control_functions.h:400 (current && "free list cannot have a null entry")


Backtrace: 0x4008f8a9:0x3ffcad00 0x4008f871:0x3ffcad20 0x40095c35:0x3ffcad40 0x40094c0b:0x3ffcae60 0x400943e6:0x3ffcae80 0x40081ec5:0x3ffcaea0 0x40081ff5:0x3ffcaec0 0x4008202d:0x3ffcaef0 0x40081ca4:0x3ffcaf10 0x40090b9d:0x3ffcaf30 0x4008fdae:0x3ffcaf50 0x40090024:0x3ffcaf70 0x4010773d:0x3ffcaf90 0x40106bb4:0x3ffcafb0 0x400f97b5:0x3ffcafd0 0x400f2b3c:0x3ffcaff0 0x40117d17:0x3ffcb030 0x4010a1f6:0x3ffcb080 0x4010a65a:0x3ffcb0a0 0x401078cb:0x3ffcb0c0 0x40090545:0x3ffcb0f0




ELF file SHA256: ba5622419

Rebooting...
ets Jul 29 2019 12:21:46

rst:0xc (SW_CPU_RESET),boot:0x13 (SPI_FAST_FLASH_BOOT)
configsip: 0, SPIWP:0xee
clk_drv:0x00,q_drv:0x00,d_drv:0x00,cs0_drv:0x00,hd_drv:0x00,wp_drv:0x00
mode:DIO, clock div:2
load:0x3fff0030,len:6372
load:0x40078000,len:15920
ho 0 tail 12 room 4
load:0x40080400,len:3880
entry 0x40080638
[0;32mI (29) boot: ESP-IDF v6.0-dev-1489-g4e036983a7 2nd stage bootloader[0m
[0;32mI (29) boot: compile time Aug  6 2025 12:13:21[0m
[0;32mI (29) boot: Multicore bootloader[0m
[0;32mI (32) boot: chip revision: v3.1[0m
[0;32mI (35) boot.esp32: SPI Speed      : 40MHz[0m
[0;32mI (39) boot.esp32: SPI Mode       : DIO[0m
[0;32mI (42) boot.esp32: SPI Flash Size : 2MB[0m
[0;32mI (46) boot: Enabling RNG early entropy source...[0m
[0;32mI (50) boot: Partition Table:[0m
[0;32mI (53) boot: ## Label            Usage          Type ST Offset   Length[0m
[0;32mI (59) boot:  0 nvs              WiFi data        01 02 00009000 00006000[0m
[0;32mI (66) boot:  1 phy_init         RF data          01 01 0000f000 00001000[0m
[0;32mI (72) boot:  2 factory          factory app      00 00 00010000 00100000[0m
[0;32mI (79) boot: End of partition table[0m
[0;32mI (82) esp_image: segment 0: paddr=00010020 vaddr=3f400020 size=1e6b8h (124600) map[0m
[0;32mI (134) esp_image: segment 1: paddr=0002e6e0 vaddr=3ffbdb60 size=01938h (  6456) load[0m
[0;32mI (136) esp_image: segment 2: paddr=00030020 vaddr=400d0020 size=73d7ch (474492) map[0m
[0;32mI (305) esp_image: segment 3: paddr=000a3da4 vaddr=3ffbf498 size=0318ch ( 12684) load[0m
[0;32mI (310) esp_image: segment 4: paddr=000a6f38 vaddr=40080000 size=189d4h (100820) load[0m
[0;32mI (351) esp_image: segment 5: paddr=000bf914 vaddr=50000000 size=00024h (    36) load[0m
[0;32mI (364) boot: Loaded app from partition at offset 0x10000[0m
[0;32mI (364) boot: Disabling RNG early entropy source...[0m
[0;32mI (375) cpu_start: Multicore app[0m
[0;32mI (383) cpu_start: GPIO 3 and 1 are used as console UART I/O pins[0m
[0;32mI (383) cpu_start: Pro cpu start user code[0m
[0;32mI (383) cpu_start: cpu freq: 160000000 Hz[0m
[0;32mI (385) app_init: Application information:[0m
[0;32mI (389) app_init: Project name:     esp32_ble_obd_bridge[0m
[0;32mI (394) app_init: App version:      d82700a[0m
[0;32mI (398) app_init: Compile time:     Aug  7 2025 09:08:12[0m
[0;32mI (403) app_init: ELF file SHA256:  ba5622419...[0m
[0;32mI (407) app_init: ESP-IDF:          v6.0-dev-1489-g4e036983a7[0m
[0;32mI (413) efuse_init: Min chip rev:     v0.0[0m
[0;32mI (416) efuse_init: Max chip rev:     v3.99 [0m
[0;32mI (420) efuse_init: Chip rev:         v3.1[0m
[0;32mI (425) heap_init: Initializing. RAM available for dynamic allocation:[0m
[0;32mI (431) heap_init: At 3FFAFF10 len 000000F0 (0 KiB): DRAM[0m
[0;32mI (436) heap_init: At 3FFB6388 len 00001C78 (7 KiB): DRAM[0m
[0;32mI (441) heap_init: At 3FFB9A20 len 00004108 (16 KiB): DRAM[0m
[0;32mI (446) heap_init: At 3FFC6F30 len 000190D0 (100 KiB): DRAM[0m
[0;32mI (451) heap_init: At 3FFE0440 len 00003AE0 (14 KiB): D/IRAM[0m
[0;32mI (457) heap_init: At 3FFE4350 len 0001BCB0 (111 KiB): D/IRAM[0m
[0;32mI (462) heap_init: At 400989D4 len 0000762C (29 KiB): IRAM[0m
[0;32mI (469) spi_flash: detected chip: generic[0m
[0;32mI (471) spi_flash: flash io: dio[0m
[0;33mW (474) spi_flash: Detected size(4096k) larger than the size in the binary image header(2048k). Using the size in the binary image header.[0m
[0;32mI (487) coexist: coex firmware version: 831ec70[0m
[0;32mI (491) main_task: Started on CPU0[0m
[0;32mI (501) main_task: Calling app_main()[0m
[1;31mE (501) SPIFFS: spiffs partition could not be found[0m
[1;31mE (501) MAIN: SPIFFS Init fail (261)[0m
[0;32mI (501) BTDM_INIT: BT controller compile version [d9a3de0][0m
[0;32mI (501) BTDM_INIT: Using main XTAL as clock source[0m
[0;32mI (511) BTDM_INIT: Bluetooth MAC: 90:15:06:94:33:2e[0m
[0;32mI (521) phy_init: phy_version 4860,6b7a6e5,Feb  6 2025,14:47:07[0m
[1;31mE (521) phy_init: esp_phy_load_cal_data_from_nvs: NVS has not been initialized. Call nvs_flash_init before starting WiFi/BT.[0m
[0;33mW (531) phy_init: failed to load RF calibration data (0x1101), falling back to full calibration[0m
[0;32mI (601) phy_init: Saving new calibration data due to checksum failure or outdated calibration data, mode(2)[0m
[1;31mE (841) BT_OSI: config_new: NVS not initialized. Call nvs_flash_init before initializing bluetooth.[0m
[0;33mW (841) BT_BTC: btc_config_init unable to load config file; starting unconfigured.[0m

[1;31mE (851) BT_OSI: config_save: NVS not initialized. Call nvs_flash_init before initializing bluetooth.[0m
[1;31mE (861) BT_OSI: config_save, err_code: 0x2[0m

[1;31mE (941) BT_OSI: config_save: NVS not initialized. Call nvs_flash_init before initializing bluetooth.[0m
[1;31mE (941) BT_OSI: config_save, err_code: 0x2[0m

[1;31mE (941) BT_OSI: config_save: NVS not initialized. Call nvs_flash_init before initializing bluetooth.[0m
[1;31mE (951) BT_OSI: config_save, err_code: 0x2[0m

[1;31mE (951) BT_OSI: config_save: NVS not initialized. Call nvs_flash_init before initializing bluetooth.[0m
[1;31mE (961) BT_OSI: config_save, err_code: 0x2[0m

[1;31mE (961) BT_OSI: config_save: NVS not initialized. Call nvs_flash_init before initializing bluetooth.[0m
[1;31mE (971) BT_OSI: config_save, err_code: 0x2[0m

[0;32mI (981) BLE_MINIMAL: ESP_GATTS_REG_EVT[0m

assert failed: insert_free_block tlsf_control_functions.h:400 (current && "free list cannot have a null entry")


Backtrace: 0x4008f8a9:0x3ffcad00 0x4008f871:0x3ffcad20 0x40095c35:0x3ffcad40 0x40094c0b:0x3ffcae60 0x400943e6:0x3ffcae80 0x40081ec5:0x3ffcaea0 0x40081ff5:0x3ffcaec0 0x4008202d:0x3ffcaef0 0x40081ca4:0x3ffcaf10 0x40090b9d:0x3ffcaf30 0x4008fdae:0x3ffcaf50 0x40090024:0x3ffcaf70 0x4010773d:0x3ffcaf90 0x40106bb4:0x3ffcafb0 0x400f97b5:0x3ffcafd0 0x400f2b3c:0x3ffcaff0 0x40117d17:0x3ffcb030 0x4010a1f6:0x3ffcb080 0x4010a65a:0x3ffcb0a0 0x401078cb:0x3ffcb0c0 0x40090545:0x3ffcb0f0




ELF file SHA256: ba5622419

Rebooting...
ets Jul 29 2019 12:21:46

rst:0xc (SW_CPU_RESET),boot:0x13 (SPI_FAST_FLASH_BOOT)
configsip: 0, SPIWP:0xee
clk_drv:0x00,q_drv:0x00,d_drv:0x00,cs0_drv:0x00,hd_drv:0x00,wp_drv:0x00
mode:DIO, clock div:2
load:0x3fff0030,len:6372
load:0x40078000,len:15920
ho 0 tail 12 room 4
load:0x40080400,len:3880
entry 0x40080638
[0;32mI (29) boot: ESP-IDF v6.0-dev-1489-g4e036983a7 2nd stage bootloader[0m
[0;32mI (29) boot: compile time Aug  6 2025 12:13:21[0m
[0;32mI (29) boot: Multicore bootloader[0m
[0;32mI (32) boot: chip revision: v3.1[0m
[0;32mI (35) boot.esp32: SPI Speed      : 40MHz[0m
[0;32mI (39) boot.esp32: SPI Mode       : DIO[0m
[0;32mI (42) boot.esp32: SPI Flash Size : 2MB[0m
[0;32mI (46) boot: Enabling RNG early entropy source...[0m
[0;32mI (50) boot: Partition Table:[0m
[0;32mI (53) boot: ## Label            Usage          Type ST Offset   Length[0m
[0;32mI (59) boot:  0 nvs              WiFi data        01 02 00009000 00006000[0m
[0;32mI (66) boot:  1 phy_init         RF data          01 01 0000f000 00001000[0m
[0;32mI (72) boot:  2 factory          factory app      00 00 00010000 00100000[0m
[0;32mI (79) boot: End of partition table[0m
[0;32mI (82) esp_image: segment 0: paddr=00010020 vaddr=3f400020 size=1e6b8h (124600) map[0m
[0;32mI (134) esp_image: segment 1: paddr=0002e6e0 vaddr=3ffbdb60 size=01938h (  6456) load[0m
[0;32mI (136) esp_image: segment 2: paddr=00030020 vaddr=400d0020 size=73d7ch (474492) map[0m
[0;32mI (305) esp_image: segment 3: paddr=000a3da4 vaddr=3ffbf498 size=0318ch ( 12684) load[0m
[0;32mI (310) esp_image: segment 4: paddr=000a6f38 vaddr=40080000 size=189d4h (100820) load[0m
[0;32mI (351) esp_image: segment 5: paddr=000bf914 vaddr=50000000 size=00024h (    36) load[0m
[0;32mI (364) boot: Loaded app from partition at offset 0x10000[0m
[0;32mI (364) boot: Disabling RNG early entropy source...[0m
[0;32mI (375) cpu_start: Multicore app[0m
[0;32mI (383) cpu_start: GPIO 3 and 1 are used as console UART I/O pins[0m
[0;32mI (383) cpu_start: Pro cpu start user code[0m
[0;32mI (383) cpu_start: cpu freq: 160000000 Hz[0m
[0;32mI (385) app_init: Application information:[0m
[0;32mI (389) app_init: Project name:     esp32_ble_obd_bridge[0m
[0;32mI (394) app_init: App version:      d82700a[0m
[0;32mI (398) app_init: Compile time:     Aug  7 2025 09:08:12[0m
[0;32mI (403) app_init: ELF file SHA256:  ba5622419...[0m
[0;32mI (407) app_init: ESP-IDF:          v6.0-dev-1489-g4e036983a7[0m
[0;32mI (413) efuse_init: Min chip rev:     v0.0[0m
[0;32mI (416) efuse_init: Max chip rev:     v3.99 [0m
[0;32mI (420) efuse_init: Chip rev:         v3.1[0m
[0;32mI (425) heap_init: Initializing. RAM available for dynamic allocation:[0m
[0;32mI (431) heap_init: At 3FFAFF10 len 000000F0 (0 KiB): DRAM[0m
[0;32mI (436) heap_init: At 3FFB6388 len 00001C78 (7 KiB): DRAM[0m
[0;32mI (441) heap_init: At 3FFB9A20 len 00004108 (16 KiB): DRAM[0m
[0;32mI (446) heap_init: At 3FFC6F30 len 000190D0 (100 KiB): DRAM[0m
[0;32mI (451) heap_init: At 3FFE0440 len 00003AE0 (14 KiB): D/IRAM[0m
[0;32mI (457) heap_init: At 3FFE4350 len 0001BCB0 (111 KiB): D/IRAM[0m
[0;32mI (462) heap_init: At 400989D4 len 0000762C (29 KiB): IRAM[0m
[0;32mI (469) spi_flash: detected chip: generic[0m
[0;32mI (471) spi_flash: flash io: dio[0m
[0;33mW (474) spi_flash: Detected size(4096k) larger than the size in the binary image header(2048k). Using the size in the binary image header.[0m
[0;32mI (487) coexist: coex firmware version: 831ec70[0m
[0;32mI (491) main_task: Started on CPU0[0m
[0;32mI (501) main_task: Calling app_main()[0m
[1;31mE (501) SPIFFS: spiffs partition could not be found[0m
[1;31mE (501) MAIN: SPIFFS Init fail (261)[0m
[0;32mI (501) BTDM_INIT: BT controller compile version [d9a3de0][0m
[0;32mI (501) BTDM_INIT: Using main XTAL as clock source[0m
[0;32mI (511) BTDM_INIT: Bluetooth MAC: 90:15:06:94:33:2e[0m
[0;32mI (521) phy_init: phy_version 4860,6b7a6e5,Feb  6 2025,14:47:07[0m
[1;31mE (521) phy_init: esp_phy_load_cal_data_from_nvs: NVS has not been initialized. Call nvs_flash_init before starting WiFi/BT.[0m
[0;33mW (531) phy_init: failed to load RF calibration data (0x1101), falling back to full calibration[0m
[0;32mI (601) phy_init: Saving new calibration data due to checksum failure or outdated calibration data, mode(2)[0m
[1;31mE (841) BT_OSI: config_new: NVS not initialized. Call nvs_flash_init before initializing bluetooth.[0m
[0;33mW (851) BT_BTC: btc_config_init unable to load config file; starting unconfigured.[0m

[1;31mE (851) BT_OSI: config_save: NVS not initialized. Call nvs_flash_init before initializing bluetooth.[0m
[1;31mE (861) BT_OSI: config_save, err_code: 0x2[0m

[1;31mE (941) BT_OSI: config_save: NVS not initialized. Call nvs_flash_init before initializing bluetooth.[0m
[1;31mE (941) BT_OSI: config_save, err_code: 0x2[0m

[1;31mE (941) BT_OSI: config_save: NVS not initialized. Call nvs_flash_init before initializing bluetooth.[0m
[1;31mE (951) BT_OSI: config_save, err_code: 0x2[0m

[1;31mE (951) BT_OSI: config_save: NVS not initialized. Call nvs_flash_init before initializing bluetooth.[0m
[1;31mE (961) BT_OSI: config_save, err_code: 0x2[0m

[1;31mE (971) BT_OSI: config_save: NVS not initialized. Call nvs_flash_init before initializing bluetooth.[0m
[1;31mE (981) BT_OSI: config_save, err_code: 0x2[0m

[0;32mI (981) BLE_MINIMAL: ESP_GATTS_REG_EVT[0m

assert failed: insert_free_block tlsf_control_functions.h:400 (current && "free list cannot have a null entry")


Backtrace: 0x4008f8a9:0x3ffcad00 0x4008f871:0x3ffcad20 0x40095c35:0x3ffcad40 0x40094c0b:0x3ffcae60 0x400943e6:0x3ffcae80 0x40081ec5:0x3ffcaea0 0x40081ff5:0x3ffcaec0 0x4008202d:0x3ffcaef0 0x40081ca4:0x3ffcaf10 0x40090b9d:0x3ffcaf30 0x4008fdae:0x3ffcaf50 0x40090024:0x3ffcaf70 0x4010773d:0x3ffcaf90 0x40106bb4:0x3ffcafb0 0x400f97b5:0x3ffcafd0 0x400f2b3c:0x3ffcaff0 0x40117d17:0x3ffcb030 0x4010a1f6:0x3ffcb080 0x4010a65a:0x3ffcb0a0 0x401078cb:0x3ffcb0c0 0x40090545:0x3ffcb0f0




ELF file SHA256: ba5622419

Rebooting...
ets Jul 29 2019 12:21:46

rst:0xc (SW_CPU_RESET),boot:0x13 (SPI_FAST_FLASH_BOOT)
configsip: 0, SPIWP:0xee
clk_drv:0x00,q_drv:0x00,d_drv:0x00,cs0_drv:0x00,hd_drv:0x00,wp_drv:0x00
mode:DIO, clock div:2
load:0x3fff0030,len:6372
load:0x40078000,len:15920
ho 0 tail 12 room 4
load:0x40080400,len:3880
entry 0x40080638
[0;32mI (29) boot: ESP-IDF v6.0-dev-1489-g4e036983a7 2nd stage bootloader[0m
[0;32mI (29) boot: compile time Aug  6 2025 12:13:21[0m
[0;32mI (29) boot: Multicore bootloader[0m
[0;32mI (32) boot: chip revision: v3.1[0m
[0;32mI (35) boot.esp32: SPI Speed      : 40MHz[0m
[0;32mI (39) boot.esp32: SPI Mode       : DIO[0m
[0;32mI (42) boot.esp32: SPI Flash Size : 2MB[0m
[0;32mI (46) boot: Enabling RNG early entropy source...[0m
[0;32mI (50) boot: Partition Table:[0m
[0;32mI (53) boot: ## Label            Usage          Type ST Offset   Length[0m
[0;32mI (59) boot:  0 nvs              WiFi data        01 02 00009000 00006000[0m
[0;32mI (66) boot:  1 phy_init         RF data          01 01 0000f000 00001000[0m
[0;32mI (72) boot:  2 factory          factory app      00 00 00010000 00100000[0m
[0;32mI (79) boot: End of partition table[0m
[0;32mI (82) esp_image: segment 0: paddr=00010020 vaddr=3f400020 size=1e6b8h (124600) map[0m
[0;32mI (134) esp_image: segment 1: paddr=0002e6e0 vaddr=3ffbdb60 size=01938h (  6456) load[0m
[0;32mI (136) esp_image: segment 2: paddr=00030020 vaddr=400d0020 size=73d7ch (474492) map[0m
[0;32mI (305) esp_image: segment 3: paddr=000a3da4 vaddr=3ffbf498 size=0318ch ( 12684) load[0m
[0;32mI (310) esp_image: segment 4: paddr=000a6f38 vaddr=40080000 size=189d4h (100820) load[0m
[0;32mI (351) esp_image: segment 5: paddr=000bf914 vaddr=50000000 size=00024h (    36) load[0m
[0;32mI (364) boot: Loaded app from partition at offset 0x10000[0m
[0;32mI (364) boot: Disabling RNG early entropy source...[0m
[0;32mI (375) cpu_start: Multicore app[0m
[0;32mI (383) cpu_start: GPIO 3 and 1 are used as console UART I/O pins[0m
[0;32mI (383) cpu_start: Pro cpu start user code[0m
[0;32mI (383) cpu_start: cpu freq: 160000000 Hz[0m
[0;32mI (385) app_init: Application information:[0m
[0;32mI (389) app_init: Project name:     esp32_ble_obd_bridge[0m
[0;32mI (394) app_init: App version:      d82700a[0m
[0;32mI (398) app_init: Compile time:     Aug  7 2025 09:08:12[0m
[0;32mI (403) app_init: ELF file SHA256:  ba5622419...[0m
[0;32mI (407) app_init: ESP-IDF:          v6.0-dev-1489-g4e036983a7[0m
[0;32mI (413) efuse_init: Min chip rev:     v0.0[0m
[0;32mI (416) efuse_init: Max chip rev:     v3.99 [0m
[0;32mI (420) efuse_init: Chip rev:         v3.1[0m
[0;32mI (425) heap_init: Initializing. RAM available for dynamic allocation:[0m
[0;32mI (431) heap_init: At 3FFAFF10 len 000000F0 (0 KiB): DRAM[0m
[0;32mI (436) heap_init: At 3FFB6388 len 00001C78 (7 KiB): DRAM[0m
[0;32mI (441) heap_init: At 3FFB9A20 len 00004108 (16 KiB): DRAM[0m
[0;32mI (446) heap_init: At 3FFC6F30 len 000190D0 (100 KiB): DRAM[0m
[0;32mI (451) heap_init: At 3FFE0440 len 00003AE0 (14 KiB): D/IRAM[0m
[0;32mI (457) heap_init: At 3FFE4350 len 0001BCB0 (111 KiB): D/IRAM[0m
[0;32mI (462) heap_init: At 400989D4 len 0000762C (29 KiB): IRAM[0m
[0;32mI (469) spi_flash: detected chip: generic[0m
[0;32mI (471) spi_flash: flash io: dio[0m
[0;33mW (474) spi_flash: Detected size(4096k) larger than the size in the binary image header(2048k). Using the size in the binary image header.[0m
[0;32mI (487) coexist: coex firmware version: 831ec70[0m
[0;32mI (491) main_task: Started on CPU0[0m
[0;32mI (501) main_task: Calling app_main()[0m
[1;31mE (501) SPIFFS: spiffs partition could not be found[0m
[1;31mE (501) MAIN: SPIFFS Init fail (261)[0m
[0;32mI (501) BTDM_INIT: BT controller compile version [d9a3de0][0m
[0;32mI (501) BTDM_INIT: Using main XTAL as clock source[0m
[0;32mI (511) BTDM_INIT: Bluetooth MAC: 90:15:06:94:33:2e[0m
[0;32mI (521) phy_init: phy_version 4860,6b7a6e5,Feb  6 2025,14:47:07[0m
[1;31mE (521) phy_init: esp_phy_load_cal_data_from_nvs: NVS has not been initialized. Call nvs_flash_init before starting WiFi/BT.[0m
[0;33mW (531) phy_init: failed to load RF calibration data (0x1101), falling back to full calibration[0m
[0;32mI (601) phy_init: Saving new calibration data due to checksum failure or outdated calibration data, mode(2)[0m
[1;31mE (851) BT_OSI: config_new: NVS not initialized. Call nvs_flash_init before initializing bluetooth.[0m
[0;33mW (851) BT_BTC: btc_config_init unable to load config file; starting unconfigured.[0m

[1;31mE (861) BT_OSI: config_save: NVS not initialized. Call nvs_flash_init before initializing bluetooth.[0m
[1;31mE (861) BT_OSI: config_save, err_code: 0x2[0m

[1;31mE (941) BT_OSI: config_save: NVS not initialized. Call nvs_flash_init before initializing bluetooth.[0m
[1;31mE (951) BT_OSI: config_save, err_code: 0x2[0m

[1;31mE (951) BT_OSI: config_save: NVS not initialized. Call nvs_flash_init before initializing bluetooth.[0m
[1;31mE (961) BT_OSI: config_save, err_code: 0x2[0m

[1;31mE (961) BT_OSI: config_save: NVS not initialized. Call nvs_flash_init before initializing bluetooth.[0m
[1;31mE (971) BT_OSI: config_save, err_code: 0x2[0m

[1;31mE (971) BT_OSI: config_save: NVS not initialized. Call nvs_flash_init before initializing bluetooth.[0m
[1;31mE (981) BT_OSI: config_save, err_code: 0x2[0m

[0;32mI (991) BLE_MINIMAL: ESP_GATTS_REG_EVT[0m

assert failed: insert_free_block tlsf_control_functions.h:400 (current && "free list cannot have a null entry")


Backtrace: 0x4008f8a9:0x3ffcad00 0x4008f871:0x3ffcad20 0x40095c35:0x3ffcad40 0x40094c0b:0x3ffcae60 0x400943e6:0x3ffcae80 0x40081ec5:0x3ffcaea0 0x40081ff5:0x3ffcaec0 0x4008202d:0x3ffcaef0 0x40081ca4:0x3ffcaf10 0x40090b9d:0x3ffcaf30 0x4008fdae:0x3ffcaf50 0x40090024:0x3ffcaf70 0x4010773d:0x3ffcaf90 0x40106bb4:0x3ffcafb0 0x400f97b5:0x3ffcafd0 0x400f2b3c:0x3ffcaff0 0x40117d17:0x3ffcb030 0x4010a1f6:0x3ffcb080 0x4010a65a:0x3ffcb0a0 0x401078cb:0x3ffcb0c0 0x40090545:0x3ffcb0f0




ELF file SHA256: ba5622419

Rebooting...
ets Jul 29 2019 12:21:46

rst:0xc (SW_CPU_RESET),boot:0x13 (SPI_FAST_FLASH_BOOT)
configsip: 0, SPIWP:0xee
clk_drv:0x00,q_drv:0x00,d_drv:0x00,cs0_drv:0x00,hd_drv:0x00,wp_drv:0x00
mode:DIO, clock div:2
load:0x3fff0030,len:6372
load:0x40078000,len:15920
ho 0 tail 12 room 4
load:0x40080400,len:3880
entry 0x40080638
[0;32mI (29) boot: ESP-IDF v6.0-dev-1489-g4e036983a7 2nd stage bootloader[0m
[0;32mI (29) boot: compile time Aug  6 2025 12:13:21[0m
[0;32mI (29) boot: Multicore bootloader[0m
[0;32mI (32) boot: chip revision: v3.1[0m
[0;32mI (35) boot.esp32: SPI Speed      : 40MHz[0m
[0;32mI (39) boot.esp32: SPI Mode       : DIO[0m
[0;32mI (42) boot.esp32: SPI Flash Size : 2MB[0m
[0;32mI (46) boot: Enabling RNG early entropy source...[0m
[0;32mI (50) boot: Partition Table:[0m
[0;32mI (53) boot: ## Label            Usage          Type ST Offset   Length[0m
[0;32mI (59) boot:  0 nvs              WiFi data        01 02 00009000 00006000[0m
[0;32mI (66) boot:  1 phy_init         RF data          01 01 0000f000 00001000[0m
[0;32mI (72) boot:  2 factory          factory app      00 00 00010000 00100000[0m
[0;32mI (79) boot: End of partition table[0m
[0;32mI (82) esp_image: segment 0: paddr=00010020 vaddr=3f400020 size=1e6b8h (124600) map[0m
[0;32mI (134) esp_image: segment 1: paddr=0002e6e0 vaddr=3ffbdb60 size=01938h (  6456) load[0m
[0;32mI (136) esp_image: segment 2: paddr=00030020 vaddr=400d0020 size=73d7ch (474492) map[0m
[0;32mI (305) esp_image: segment 3: paddr=000a3da4 vaddr=3ffbf498 size=0318ch ( 12684) load[0m
[0;32mI (310) esp_image: segment 4: paddr=000a6f38 vaddr=40080000 size=189d4h (100820) load[0m
[0;32mI (351) esp_image: segment 5: paddr=000bf914 vaddr=50000000 size=00024h (    36) load[0m
[0;32mI (364) boot: Loaded app from partition at offset 0x10000[0m
[0;32mI (364) boot: Disabling RNG early entropy source...[0m
[0;32mI (375) cpu_start: Multicore app[0m
[0;32mI (383) cpu_start: GPIO 3 and 1 are used as console UART I/O pins[0m
[0;32mI (383) cpu_start: Pro cpu start user code[0m
[0;32mI (383) cpu_start: cpu freq: 160000000 Hz[0m
[0;32mI (385) app_init: Application information:[0m
[0;32mI (389) app_init: Project name:     esp32_ble_obd_bridge[0m
[0;32mI (394) app_init: App version:      d82700a[0m
[0;32mI (398) app_init: Compile time:     Aug  7 2025 09:08:12[0m
[0;32mI (403) app_init: ELF file SHA256:  ba5622419...[0m
[0;32mI (407) app_init: ESP-IDF:          v6.0-dev-1489-g4e036983a7[0m
[0;32mI (413) efuse_init: Min chip rev:     v0.0[0m
[0;32mI (416) efuse_init: Max chip rev:     v3.99 [0m
[0;32mI (420) efuse_init: Chip rev:         v3.1[0m
[0;32mI (425) heap_init: Initializing. RAM available for dynamic allocation:[0m
[0;32mI (431) heap_init: At 3FFAFF10 len 000000F0 (0 KiB): DRAM[0m
[0;32mI (436) heap_init: At 3FFB6388 len 00001C78 (7 KiB): DRAM[0m
[0;32mI (441) heap_init: At 3FFB9A20 len 00004108 (16 KiB): DRAM[0m
[0;32mI (446) heap_init: At 3FFC6F30 len 000190D0 (100 KiB): DRAM[0m
[0;32mI (451) heap_init: At 3FFE0440 len 00003AE0 (14 KiB): D/IRAM[0m
[0;32mI (457) heap_init: At 3FFE4350 len 0001BCB0 (111 KiB): D/IRAM[0m
[0;32mI (462) heap_init: At 400989D4 len 0000762C (29 KiB): IRAM[0m
[0;32mI (469) spi_flash: detected chip: generic[0m
[0;32mI (471) spi_flash: flash io: dio[0m
[0;33mW (474) spi_flash: Detected size(4096k) larger than the size in the binary image header(2048k). Using the size in the binary image header.[0m
[0;32mI (487) coexist: coex firmware version: 831ec70[0m
[0;32mI (491) main_task: Started on CPU0[0m
[0;32mI (501) main_task: Calling app_main()[0m
[1;31mE (501) SPIFFS: spiffs partition could not be found[0m
[1;31mE (501) MAIN: SPIFFS Init fail (261)[0m
[0;32mI (501) BTDM_INIT: BT controller compile version [d9a3de0][0m
[0;32mI (501) BTDM_INIT: Using main XTAL as clock source[0m
[0;32mI (511) BTDM_INIT: Bluetooth MAC: 90:15:06:94:33:2e[0m
[0;32mI (521) phy_init: phy_version 4860,6b7a6e5,Feb  6 2025,14:47:07[0m
[1;31mE (521) phy_init: esp_phy_load_cal_data_from_nvs: NVS has not been initialized. Call nvs_flash_init before starting WiFi/BT.[0m
[0;33mW (531) phy_init: failed to load RF calibration data (0x1101), falling back to full calibration[0m
[0;32mI (601) phy_init: Saving new calibration data due to checksum failure or outdated calibration data, mode(2)[0m
[1;31mE (851) BT_OSI: config_new: NVS not initialized. Call nvs_flash_init before initializing bluetooth.[0m
[0;33mW (851) BT_BTC: btc_config_init unable to load config file; starting unconfigured.[0m

[1;31mE (861) BT_OSI: config_save: NVS not initialized. Call nvs_flash_init before initializing bluetooth.[0m
[1;31mE (871) BT_OSI: config_save, err_code: 0x2[0m

[1;31mE (951) BT_OSI: config_save: NVS not initialized. Call nvs_flash_init before initializing bluetooth.[0m
[1;31mE (951) BT_OSI: config_save, err_code: 0x2[0m

[1;31mE (951) BT_OSI: config_save: NVS not initialized. Call nvs_flash_init before initializing bluetooth.[0m
[1;31mE (961) BT_OSI: config_save, err_code: 0x2[0m

[1;31mE (961) BT_OSI: config_save: NVS not initialized. Call nvs_flash_init before initializing bluetooth.[0m
[1;31mE (971) BT_OSI: config_save, err_code: 0x2[0m

[1;31mE (971) BT_OSI: config_save: NVS not initialized. Call nvs_flash_init before initializing bluetooth.[0m
[1;31mE (981) BT_OSI: config_save, err_code: 0x2[0m

[0;32mI (991) BLE_MINIMAL: ESP_GATTS_REG_EVT[0m

assert failed: insert_free_block tlsf_control_functions.h:400 (current && "free list cannot have a null entry")


Backtrace: 0x4008f8a9:0x3ffcad00 0x4008f871:0x3ffcad20 0x40095c35:0x3ffcad40 0x40094c0b:0x3ffcae60 0x400943e6:0x3ffcae80 0x40081ec5:0x3ffcaea0 0x40081ff5:0x3ffcaec0 0x4008202d:0x3ffcaef0 0x40081ca4:0x3ffcaf10 0x40090b9d:0x3ffcaf30 0x4008fdae:0x3ffcaf50 0x40090024:0x3ffcaf70 0x4010773d:0x3ffcaf90 0x40106bb4:0x3ffcafb0 0x400f97b5:0x3ffcafd0 0x400f2b3c:0x3ffcaff0 0x40117d17:0x3ffcb030 0x4010a1f6:0x3ffcb080 0x4010a65a:0x3ffcb0a0 0x401078cb:0x3ffcb0c0 0x40090545:0x3ffcb0f0




ELF file SHA256: ba5622419

Rebooting...
ets Jul 29 2019 12:21:46

rst:0xc (SW_CPU_RESET),boot:0x13 (SPI_FAST_FLASH_BOOT)
configsip: 0, SPIWP:0xee
clk_drv:0x00,q_drv:0x00,d_drv:0x00,cs0_drv:0x00,hd_drv:0x00,wp_drv:0x00
mode:DIO, clock div:2
load:0x3fff0030,len:6372
load:0x40078000,len:15920
ho 0 tail 12 room 4
load:0x40080400,len:3880
entry 0x40080638
[0;32mI (29) boot: ESP-IDF v6.0-dev-1489-g4e036983a7 2nd stage bootloader[0m
[0;32mI (29) boot: compile time Aug  6 2025 12:13:21[0m
[0;32mI (29) boot: Multicore bootloader[0m
[0;32mI (32) boot: chip revision: v3.1[0m
[0;32mI (35) boot.esp32: SPI Speed      : 40MHz[0m
[0;32mI (39) boot.esp32: SPI Mode       : DIO[0m
[0;32mI (42) boot.esp32: SPI Flash Size : 2MB[0m
[0;32mI (46) boot: Enabling RNG early entropy source...[0m
[0;32mI (50) boot: Partition Table:[0m
[0;32mI (53) boot: ## Label            Usage          Type ST Offset   Length[0m
[0;32mI (59) boot:  0 nvs              WiFi data        01 02 00009000 00006000[0m
[0;32mI (66) boot:  1 phy_init         RF data          01 01 0000f000 00001000[0m
[0;32mI (72) boot:  2 factory          factory app      00 00 00010000 00100000[0m
[0;32mI (79) boot: End of partition table[0m
[0;32mI (82) esp_image: segment 0: paddr=00010020 vaddr=3f400020 size=1e6b8h (124600) map[0m
[0;32mI (134) esp_image: segment 1: paddr=0002e6e0 vaddr=3ffbdb60 size=01938h (  6456) load[0m
[0;32mI (136) esp_image: segment 2: paddr=00030020 vaddr=400d0020 size=73d7ch (474492) map[0m
[0;32mI (305) esp_image: segment 3: paddr=000a3da4 vaddr=3ffbf498 size=0318ch ( 12684) load[0m
[0;32mI (310) esp_image: segment 4: paddr=000a6f38 vaddr=40080000 size=189d4h (100820) load[0m
[0;32mI (351) esp_image: segment 5: paddr=000bf914 vaddr=50000000 size=00024h (    36) load[0m
[0;32mI (364) boot: Loaded app from partition at offset 0x10000[0m
[0;32mI (364) boot: Disabling RNG early entropy source...[0m
[0;32mI (375) cpu_start: Multicore app[0m
[0;32mI (383) cpu_start: GPIO 3 and 1 are used as console UART I/O pins[0m
[0;32mI (383) cpu_start: Pro cpu start user code[0m
[0;32mI (383) cpu_start: cpu freq: 160000000 Hz[0m
[0;32mI (385) app_init: Application information:[0m
[0;32mI (389) app_init: Project name:     esp32_ble_obd_bridge[0m
[0;32mI (394) app_init: App version:      d82700a[0m
[0;32mI (398) app_init: Compile time:     Aug  7 2025 09:08:12[0m
[0;32mI (403) app_init: ELF file SHA256:  ba5622419...[0m
[0;32mI (407) app_init: ESP-IDF:          v6.0-dev-1489-g4e036983a7[0m
[0;32mI (413) efuse_init: Min chip rev:     v0.0[0m
[0;32mI (416) efuse_init: Max chip rev:     v3.99 [0m
[0;32mI (420) efuse_init: Chip rev:         v3.1[0m
[0;32mI (425) heap_init: Initializing. RAM available for dynamic allocation:[0m
[0;32mI (431) heap_init: At 3FFAFF10 len 000000F0 (0 KiB): DRAM[0m
[0;32mI (436) heap_init: At 3FFB6388 len 00001C78 (7 KiB): DRAM[0m
[0;32mI (441) heap_init: At 3FFB9A20 len 00004108 (16 KiB): DRAM[0m
[0;32mI (446) heap_init: At 3FFC6F30 len 000190D0 (100 KiB): DRAM[0m
[0;32mI (451) heap_init: At 3FFE0440 len 00003AE0 (14 KiB): D/IRAM[0m
[0;32mI (457) heap_init: At 3FFE4350 len 0001BCB0 (111 KiB): D/IRAM[0m
[0;32mI (462) heap_init: At 400989D4 len 0000762C (29 KiB): IRAM[0m
[0;32mI (469) spi_flash: detected chip: generic[0m
[0;32mI (471) spi_flash: flash io: dio[0m
[0;33mW (474) spi_flash: Detected size(4096k) larger than the size in the binary image header(2048k). Using the size in the binary image header.[0m
[0;32mI (487) coexist: coex firmware version: 831ec70[0m
[0;32mI (491) main_task: Started on CPU0[0m
[0;32mI (501) main_task: Calling app_main()[0m
[1;31mE (501) SPIFFS: spiffs partition could not be found[0m
[1;31mE (501) MAIN: SPIFFS Init fail (261)[0m
[0;32mI (501) BTDM_INIT: BT controller compile version [d9a3de0][0m
[0;32mI (501) BTDM_INIT: Using main XTAL as clock source[0m
[0;32mI (511) BTDM_INIT: Bluetooth MAC: 90:15:06:94:33:2e[0m
[0;32mI (521) phy_init: phy_version 4860,6b7a6e5,Feb  6 2025,14:47:07[0m
[1;31mE (521) phy_init: esp_phy_load_cal_data_from_nvs: NVS has not been initialized. Call nvs_flash_init before starting WiFi/BT.[0m
[0;33mW (531) phy_init: failed to load RF calibration data (0x1101), falling back to full calibration[0m
[0;32mI (601) phy_init: Saving new calibration data due to checksum failure or outdated calibration data, mode(2)[0m
[1;31mE (851) BT_OSI: config_new: NVS not initialized. Call nvs_flash_init before initializing bluetooth.[0m
[0;33mW (851) BT_BTC: btc_config_init unable to load config file; starting unconfigured.[0m

[1;31mE (851) BT_OSI: config_save: NVS not initialized. Call nvs_flash_init before initializing bluetooth.[0m
[1;31mE (861) BT_OSI: config_save, err_code: 0x2[0m

[1;31mE (941) BT_OSI: config_save: NVS not initialized. Call nvs_flash_init before initializing bluetooth.[0m
[1;31mE (941) BT_OSI: config_save, err_code: 0x2[0m

[1;31mE (941) BT_OSI: config_save: NVS not initialized. Call nvs_flash_init before initializing bluetooth.[0m
[1;31mE (951) BT_OSI: config_save, err_code: 0x2[0m

[1;31mE (961) BT_OSI: config_save: NVS not initialized. Call nvs_flash_init before initializing bluetooth.[0m
[1;31mE (961) BT_OSI: config_save, err_code: 0x2[0m

[1;31mE (971) BT_OSI: config_save: NVS not initialized. Call nvs_flash_init before initializing bluetooth.[0m
[1;31mE (981) BT_OSI: config_save, err_code: 0x2[0m

[0;32mI (981) BLE_MINIMAL: ESP_GATTS_REG_EVT[0m

assert failed: insert_free_block tlsf_control_functions.h:400 (current && "free list cannot have a null entry")


Backtrace: 0x4008f8a9:0x3ffcad00 0x4008f871:0x3ffcad20 0x40095c35:0x3ffcad40 0x40094c0b:0x3ffcae60 0x400943e6:0x3ffcae80 0x40081ec5:0x3ffcaea0 0x40081ff5:0x3ffcaec0 0x4008202d:0x3ffcaef0 0x40081ca4:0x3ffcaf10 0x40090b9d:0x3ffcaf30 0x4008fdae:0x3ffcaf50 0x40090024:0x3ffcaf70 0x4010773d:0x3ffcaf90 0x40106bb4:0x3ffcafb0 0x400f97b5:0x3ffcafd0 0x400f2b3c:0x3ffcaff0 0x40117d17:0x3ffcb030 0x4010a1f6:0x3ffcb080 0x4010a65a:0x3ffcb0a0 0x401078cb:0x3ffcb0c0 0x40090545:0x3ffcb0f0




ELF file SHA256: ba5622419

Rebooting...
ets Jul 29 2019 12:21:46

rst:0xc (SW_CPU_RESET),boot:0x13 (SPI_FAST_FLASH_BOOT)
configsip: 0, SPIWP:0xee
clk_drv:0x00,q_drv:0x00,d_drv:0x00,cs0_drv:0x00,hd_drv:0x00,wp_drv:0x00
mode:DIO, clock div:2
load:0x3fff0030,len:6372
load:0x40078000,len:15920
ho 0 tail 12 room 4
load:0x40080400,len:3880
entry 0x40080638
[0;32mI (29) boot: ESP-IDF v6.0-dev-1489-g4e036983a7 2nd stage bootloader[0m
[0;32mI (29) boot: compile time Aug  6 2025 12:13:21[0m
[0;32mI (29) boot: Multicore bootloader[0m
[0;32mI (32) boot: chip revision: v3.1[0m
[0;32mI (35) boot.esp32: SPI Speed      : 40MHz[0m
[0;32mI (39) boot.esp32: SPI Mode       : DIO[0m
[0;32mI (42) boot.esp32: SPI Flash Size : 2MB[0m
[0;32mI (46) boot: Enabling RNG early entropy source...[0m
[0;32mI (50) boot: Partition Table:[0m
[0;32mI (53) boot: ## Label            Usage          Type ST Offset   Length[0m
[0;32mI (59) boot:  0 nvs              WiFi data        01 02 00009000 00006000[0m
[0;32mI (66) boot:  1 phy_init         RF data          01 01 0000f000 00001000[0m
[0;32mI (72) boot:  2 factory          factory app      00 00 00010000 00100000[0m
[0;32mI (79) boot: End of partition table[0m
[0;32mI (82) esp_image: segment 0: paddr=00010020 vaddr=3f400020 size=1e6b8h (124600) map[0m
[0;32mI (134) esp_image: segment 1: paddr=0002e6e0 vaddr=3ffbdb60 size=01938h (  6456) load[0m
[0;32mI (136) esp_image: segment 2: paddr=00030020 vaddr=400d0020 size=73d7ch (474492) map[0m
[0;32mI (305) esp_image: segment 3: paddr=000a3da4 vaddr=3ffbf498 size=0318ch ( 12684) load[0m
[0;32mI (310) esp_image: segment 4: paddr=000a6f38 vaddr=40080000 size=189d4h (100820) load[0m
[0;32mI (351) esp_image: segment 5: paddr=000bf914 vaddr=50000000 size=00024h (    36) load[0m
[0;32mI (364) boot: Loaded app from partition at offset 0x10000[0m
[0;32mI (364) boot: Disabling RNG early entropy source...[0m
[0;32mI (375) cpu_start: Multicore app[0m
[0;32mI (383) cpu_start: GPIO 3 and 1 are used as console UART I/O pins[0m
[0;32mI (383) cpu_start: Pro cpu start user code[0m
[0;32mI (383) cpu_start: cpu freq: 160000000 Hz[0m
[0;32mI (385) app_init: Application information:[0m
[0;32mI (389) app_init: Project name:     esp32_ble_obd_bridge[0m
[0;32mI (394) app_init: App version:      d82700a[0m
[0;32mI (398) app_init: Compile time:     Aug  7 2025 09:08:12[0m
[0;32mI (403) app_init: ELF file SHA256:  ba5622419...[0m
[0;32mI (407) app_init: ESP-IDF:          v6.0-dev-1489-g4e036983a7[0m
[0;32mI (413) efuse_init: Min chip rev:     v0.0[0m
[0;32mI (416) efuse_init: Max chip rev:     v3.99 [0m
[0;32mI (420) efuse_init: Chip rev:         v3.1[0m
[0;32mI (425) heap_init: Initializing. RAM available for dynamic allocation:[0m
[0;32mI (431) heap_init: At 3FFAFF10 len 000000F0 (0 KiB): DRAM[0m
[0;32mI (436) heap_init: At 3FFB6388 len 00001C78 (7 KiB): DRAM[0m
[0;32mI (441) heap_init: At 3FFB9A20 len 00004108 (16 KiB): DRAM[0m
[0;32mI (446) heap_init: At 3FFC6F30 len 000190D0 (100 KiB): DRAM[0m
[0;32mI (451) heap_init: At 3FFE0440 len 00003AE0 (14 KiB): D/IRAM[0m
[0;32mI (457) heap_init: At 3FFE4350 len 0001BCB0 (111 KiB): D/IRAM[0m
[0;32mI (462) heap_init: At 400989D4 len 0000762C (29 KiB): IRAM[0m
[0;32mI (469) spi_flash: detected chip: generic[0m
[0;32mI (471) spi_flash: flash io: dio[0m
[0;33mW (474) spi_flash: Detected size(4096k) larger than the size in the binary image header(2048k). Using the size in the binary image header.[0m
[0;32mI (487) coexist: coex firmware version: 831ec70[0m
[0;32mI (491) main_task: Started on CPU0[0m
[0;32mI (501) main_task: Calling app_main()[0m
[1;31mE (501) SPIFFS: spiffs partition could not be found[0m
[1;31mE (501) MAIN: SPIFFS Init fail (261)[0m
[0;32mI (501) BTDM_INIT: BT controller compile version [d9a3de0][0m
[0;32mI (501) BTDM_INIT: Using main XTAL as clock source[0m
[0;32mI (511) BTDM_INIT: Bluetooth MAC: 90:15:06:94:33:2e[0m
[0;32mI (521) phy_init: phy_version 4860,6b7a6e5,Feb  6 2025,14:47:07[0m
[1;31mE (521) phy_init: esp_phy_load_cal_data_from_nvs: NVS has not been initialized. Call nvs_flash_init before starting WiFi/BT.[0m
[0;33mW (531) phy_init: failed to load RF calibration data (0x1101), falling back to full calibration[0m
[0;32mI (601) phy_init: Saving new calibration data due to checksum failure or outdated calibration data, mode(2)[0m
[1;31mE (851) BT_OSI: config_new: NVS not initialized. Call nvs_flash_init before initializing bluetooth.[0m
[0;33mW (851) BT_BTC: btc_config_init unable to load config file; starting unconfigured.[0m

[1;31mE (851) BT_OSI: config_save: NVS not initialized. Call nvs_flash_init before initializing bluetooth.[0m
[1;31mE (861) BT_OSI: config_save, err_code: 0x2[0m

[1;31mE (941) BT_OSI: config_save: NVS not initialized. Call nvs_flash_init before initializing bluetooth.[0m
[1;31mE (941) BT_OSI: config_save, err_code: 0x2[0m

[1;31mE (941) BT_OSI: config_save: NVS not initialized. Call nvs_flash_init before initializing bluetooth.[0m
[1;31mE (951) BT_OSI: config_save, err_code: 0x2[0m

[1;31mE (961) BT_OSI: config_save: NVS not initialized. Call nvs_flash_init before initializing bluetooth.[0m
[1;31mE (971) BT_OSI: config_save, err_code: 0x2[0m

[1;31mE (971) BT_OSI: config_save: NVS not initialized. Call nvs_flash_init before initializing bluetooth.[0m
[1;31mE (981) BT_OSI: config_save, err_code: 0x2[0m

[0;32mI (981) BLE_MINIMAL: ESP_GATTS_REG_EVT[0m

***ERROR*** A stack overflow in task BTC_TASK has been detected.


Backtrace: 0x4008f8a9:0x3ffc7cd0 0x4008f871:0x3ffc7cf0 0x40090902:0x3ffc7d10 0x40091973:0x3ffc7d90 0x40090a0c:0x3ffc7db0 0x400909be:0x3ffc7df0 0x3f40e3b9:0x3ffbe494 |<-CORRUPTED




ELF file SHA256: ba5622419

Rebooting...
ets Jul 29 2019 12:21:46

rst:0xc (SW_CPU_RESET),boot:0x13 (SPI_FAST_FLASH_BOOT)
configsip: 0, SPIWP:0xee
clk_drv:0x00,q_drv:0x00,d_drv:0x00,cs0_drv:0x00,hd_drv:0x00,wp_drv:0x00
mode:DIO, clock div:2
load:0x3fff0030,len:6372
load:0x40078000,len:15920
ho 0 tail 12 room 4
load:0x40080400,len:3880
entry 0x40080638
[0;32mI (29) boot: ESP-IDF v6.0-dev-1489-g4e036983a7 2nd stage bootloader[0m
[0;32mI (29) boot: compile time Aug  6 2025 12:13:21[0m
[0;32mI (29) boot: Multicore bootloader[0m
[0;32mI (32) boot: chip revision: v3.1[0m
[0;32mI (35) boot.esp32: SPI Speed      : 40MHz[0m
[0;32mI (39) boot.esp32: SPI Mode       : DIO[0m
[0;32mI (42) boot.esp32: SPI Flash Size : 2MB[0m
[0;32mI (46) boot: Enabling RNG early entropy source...[0m
[0;32mI (50) boot: Partition Table:[0m
[0;32mI (53) boot: ## Label            Usage          Type ST Offset   Length[0m
[0;32mI (59) boot:  0 nvs              WiFi data        01 02 00009000 00006000[0m
[0;32mI (66) boot:  1 phy_init         RF data          01 01 0000f000 00001000[0m
[0;32mI (72) boot:  2 factory          factory app      00 00 00010000 00100000[0m
[0;32mI (79) boot: End of partition table[0m
[0;32mI (82) esp_image: segment 0: paddr=00010020 vaddr=3f400020 size=1e6b8h (124600) map[0m
[0;32mI (134) esp_image: segment 1: paddr=0002e6e0 vaddr=3ffbdb60 size=01938h (  6456) load[0m
[0;32mI (136) esp_image: segment 2: paddr=00030020 vaddr=400d0020 size=73d7ch (474492) map[0m
[0;32mI (305) esp_image: segment 3: paddr=000a3da4 vaddr=3ffbf498 size=0318ch ( 12684) load[0m
[0;32mI (310) esp_image: segment 4: paddr=000a6f38 vaddr=40080000 size=189d4h (100820) load[0m
[0;32mI (351) esp_image: segment 5: paddr=000bf914 vaddr=50000000 size=00024h (    36) load[0m
[0;32mI (364) boot: Loaded app from partition at offset 0x10000[0m
[0;32mI (364) boot: Disabling RNG early entropy source...[0m
[0;32mI (375) cpu_start: Multicore app[0m
[0;32mI (383) cpu_start: GPIO 3 and 1 are used as console UART I/O pins[0m
[0;32mI (383) cpu_start: Pro cpu start user code[0m
[0;32mI (383) cpu_start: cpu freq: 160000000 Hz[0m
[0;32mI (385) app_init: Application information:[0m
[0;32mI (389) app_init: Project name:     esp32_ble_obd_bridge[0m
[0;32mI (394) app_init: App version:      d82700a[0m
[0;32mI (398) app_init: Compile time:     Aug  7 2025 09:08:12[0m
[0;32mI (403) app_init: ELF file SHA256:  ba5622419...[0m
[0;32mI (407) app_init: ESP-IDF:          v6.0-dev-1489-g4e036983a7[0m
[0;32mI (413) efuse_init: Min chip rev:     v0.0[0m
[0;32mI (416) efuse_init: Max chip rev:     v3.99 [0m
[0;32mI (420) efuse_init: Chip rev:         v3.1[0m
[0;32mI (425) heap_init: Initializing. RAM available for dynamic allocation:[0m
[0;32mI (431) heap_init: At 3FFAFF10 len 000000F0 (0 KiB): DRAM[0m
[0;32mI (436) heap_init: At 3FFB6388 len 00001C78 (7 KiB): DRAM[0m
[0;32mI (441) heap_init: At 3FFB9A20 len 00004108 (16 KiB): DRAM[0m
[0;32mI (446) heap_init: At 3FFC6F30 len 000190D0 (100 KiB): DRAM[0m
[0;32mI (451) heap_init: At 3FFE0440 len 00003AE0 (14 KiB): D/IRAM[0m
[0;32mI (457) heap_init: At 3FFE4350 len 0001BCB0 (111 KiB): D/IRAM[0m
[0;32mI (462) heap_init: At 400989D4 len 0000762C (29 KiB): IRAM[0m
[0;32mI (469) spi_flash: detected chip: generic[0m
[0;32mI (471) spi_flash: flash io: dio[0m
[0;33mW (474) spi_flash: Detected size(4096k) larger than the size in the binary image header(2048k). Using the size in the binary image header.[0m
[0;32mI (487) coexist: coex firmware version: 831ec70[0m
[0;32mI (491) main_task: Started on CPU0[0m
[0;32mI (501) main_task: Calling app_main()[0m
[1;31mE (501) SPIFFS: spiffs partition could not be found[0m
[1;31mE (501) MAIN: SPIFFS Init fail (261)[0m
[0;32mI (501) BTDM_INIT: BT controller compile version [d9a3de0][0m
[0;32mI (501) BTDM_INIT: Using main XTAL as clock source[0m
[0;32mI (511) BTDM_INIT: Bluetooth MAC: 90:15:06:94:33:2e[0m
[0;32mI (521) phy_init: phy_version 4860,6b7a6e5,Feb  6 2025,14:47:07[0m
[1;31mE (521) phy_init: esp_phy_load_cal_data_from_nvs: NVS has not been initialized. Call nvs_flash_init before starting WiFi/BT.[0m
[0;33mW (531) phy_init: failed to load RF calibration data (0x1101), falling back to full calibration[0m
[0;32mI (601) phy_init: Saving new calibration data due to checksum failure or outdated calibration data, mode(2)[0m
[1;31mE (851) BT_OSI: config_new: NVS not initialized. Call nvs_flash_init before initializing bluetooth.[0m
[0;33mW (851) BT_BTC: btc_config_init unable to load config file; starting unconfigured.[0m

[1;31mE (861) BT_OSI: config_save: NVS not initialized. Call nvs_flash_init before initializing bluetooth.[0m
[1;31mE (871) BT_OSI: config_save, err_code: 0x2[0m

[1;31mE (951) BT_OSI: config_save: NVS not initialized. Call nvs_flash_init before initializing bluetooth.[0m
[1;31mE (951) BT_OSI: config_save, err_code: 0x2[0m

[1;31mE (951) BT_OSI: config_save: NVS not initialized. Call nvs_flash_init before initializing bluetooth.[0m
[1;31mE (961) BT_OSI: config_save, err_code: 0x2[0m

[1;31mE (961) BT_OSI: config_save: NVS not initialized. Call nvs_flash_init before initializing bluetooth.[0m
[1;31mE (971) BT_OSI: config_save, err_code: 0x2[0m

[1;31mE (981) BT_OSI: config_save: NVS not initialized. Call nvs_flash_init before initializing bluetooth.[0m
[1;31mE (991) BT_OSI: config_save, err_code: 0x2[0m

[0;32mI (991) BLE_MINIMAL: ESP_GATTS_REG_EVT[0m

assert failed: insert_free_block tlsf_control_functions.h:400 (current && "free list cannot have a null entry")


Backtrace: 0x4008f8a9:0x3ffcad00 0x4008f871:0x3ffcad20 0x40095c35:0x3ffcad40 0x40094c0b:0x3ffcae60 0x400943e6:0x3ffcae80 0x40081ec5:0x3ffcaea0 0x40081ff5:0x3ffcaec0 0x4008202d:0x3ffcaef0 0x40081ca4:0x3ffcaf10 0x40090b9d:0x3ffcaf30 0x4008fdae:0x3ffcaf50 0x40090024:0x3ffcaf70 0x4010773d:0x3ffcaf90 0x40106bb4:0x3ffcafb0 0x400f97b5:0x3ffcafd0 0x400f2b3c:0x3ffcaff0 0x40117d17:0x3ffcb030 0x4010a1f6:0x3ffcb080 0x4010a65a:0x3ffcb0a0 0x401078cb:0x3ffcb0c0 0x40090545:0x3ffcb0f0




ELF file SHA256: ba5622419

Rebooting...
ets Jul 29 2019 12:21:46

rst:0xc (SW_CPU_RESET),boot:0x13 (SPI_FAST_FLASH_BOOT)
configsip: 0, SPIWP:0xee
clk_drv:0x00,q_drv:0x00,d_drv:0x00,cs0_drv:0x00,hd_drv:0x00,wp_drv:0x00
mode:DIO, clock div:2
load:0x3fff0030,len:6372
load:0x40078000,len:15920
ho 0 tail 12 room 4
load:0x40080400,len:3880
entry 0x40080638
[0;32mI (29) boot: ESP-IDF v6.0-dev-1489-g4e036983a7 2nd stage bootloader[0m
[0;32mI (29) boot: compile time Aug  6 2025 12:13:21[0m
[0;32mI (29) boot: Multicore bootloader[0m
[0;32mI (32) boot: chip revision: v3.1[0m
[0;32mI (35) boot.esp32: SPI Speed      : 40MHz[0m
[0;32mI (39) boot.esp32: SPI Mode       : DIO[0m
[0;32mI (42) boot.esp32: SPI Flash Size : 2MB[0m
[0;32mI (46) boot: Enabling RNG early entropy source...[0m
[0;32mI (50) boot: Partition Table:[0m
[0;32mI (53) boot: ## Label            Usage          Type ST Offset   Length[0m
[0;32mI (59) boot:  0 nvs              WiFi data        01 02 00009000 00006000[0m
[0;32mI (66) boot:  1 phy_init         RF data          01 01 0000f000 00001000[0m
[0;32mI (72) boot:  2 factory          factory app      00 00 00010000 00100000[0m
[0;32mI (79) boot: End of partition table[0m
[0;32mI (82) esp_image: segment 0: paddr=00010020 vaddr=3f400020 size=1e6b8h (124600) map[0m
[0;32mI (134) esp_image: segment 1: paddr=0002e6e0 vaddr=3ffbdb60 size=01938h (  6456) load[0m
[0;32mI (136) esp_image: segment 2: paddr=00030020 vaddr=400d0020 size=73d7ch (474492) map[0m
[0;32mI (305) esp_image: segment 3: paddr=000a3da4 vaddr=3ffbf498 size=0318ch ( 12684) load[0m
[0;32mI (310) esp_image: segment 4: paddr=000a6f38 vaddr=40080000 size=189d4h (100820) load[0m
[0;32mI (351) esp_image: segment 5: paddr=000bf914 vaddr=50000000 size=00024h (    36) load[0m
[0;32mI (364) boot: Loaded app from partition at offset 0x10000[0m
[0;32mI (364) boot: Disabling RNG early entropy source...[0m
[0;32mI (375) cpu_start: Multicore app[0m
[0;32mI (383) cpu_start: GPIO 3 and 1 are used as console UART I/O pins[0m
[0;32mI (383) cpu_start: Pro cpu start user code[0m
[0;32mI (383) cpu_start: cpu freq: 160000000 Hz[0m
[0;32mI (385) app_init: Application information:[0m
[0;32mI (389) app_init: Project name:     esp32_ble_obd_bridge[0m
[0;32mI (394) app_init: App version:      d82700a[0m
[0;32mI (398) app_init: Compile time:     Aug  7 2025 09:08:12[0m
[0;32mI (403) app_init: ELF file SHA256:  ba5622419...[0m
[0;32mI (407) app_init: ESP-IDF:          v6.0-dev-1489-g4e036983a7[0m
[0;32mI (413) efuse_init: Min chip rev:     v0.0[0m
[0;32mI (416) efuse_init: Max chip rev:     v3.99 [0m
[0;32mI (420) efuse_init: Chip rev:         v3.1[0m
[0;32mI (425) heap_init: Initializing. RAM available for dynamic allocation:[0m
[0;32mI (431) heap_init: At 3FFAFF10 len 000000F0 (0 KiB): DRAM[0m
[0;32mI (436) heap_init: At 3FFB6388 len 00001C78 (7 KiB): DRAM[0m
[0;32mI (441) heap_init: At 3FFB9A20 len 00004108 (16 KiB): DRAM[0m
[0;32mI (446) heap_init: At 3FFC6F30 len 000190D0 (100 KiB): DRAM[0m
[0;32mI (451) heap_init: At 3FFE0440 len 00003AE0 (14 KiB): D/IRAM[0m
[0;32mI (457) heap_init: At 3FFE4350 len 0001BCB0 (111 KiB): D/IRAM[0m
[0;32mI (462) heap_init: At 400989D4 len 0000762C (29 KiB): IRAM[0m
[0;32mI (469) spi_flash: detected chip: generic[0m
[0;32mI (471) spi_flash: flash io: dio[0m
[0;33mW (474) spi_flash: Detected size(4096k) larger than the size in the binary image header(2048k). Using the size in the binary image header.[0m
[0;32mI (487) coexist: coex firmware version: 831ec70[0m
[0;32mI (491) main_task: Started on CPU0[0m
[0;32mI (501) main_task: Calling app_main()[0m
[1;31mE (501) SPIFFS: spiffs partition could not be found[0m
[1;31mE (501) MAIN: SPIFFS Init fail (261)[0m
[0;32mI (501) BTDM_INIT: BT controller compile version [d9a3de0][0m
[0;32mI (501) BTDM_INIT: Using main XTAL as clock source[0m
[0;32mI (511) BTDM_INIT: Bluetooth MAC: 90:15:06:94:33:2e[0m
[0;32mI (521) phy_init: phy_version 4860,6b7a6e5,Feb  6 2025,14:47:07[0m
[1;31mE (521) phy_init: esp_phy_load_cal_data_from_nvs: NVS has not been initialized. Call nvs_flash_init before starting WiFi/BT.[0m
[0;33mW (531) phy_init: failed to load RF calibration data (0x1101), falling back to full calibration[0m
[0;32mI (601) phy_init: Saving new calibration data due to checksum failure or outdated calibration data, mode(2)[0m
[1;31mE (851) BT_OSI: config_new: NVS not initialized. Call nvs_flash_init before initializing bluetooth.[0m
[0;33mW (851) BT_BTC: btc_config_init unable to load config file; starting unconfigured.[0m

[1;31mE (861) BT_OSI: config_save: NVS not initialized. Call nvs_flash_init before initializing bluetooth.[0m
[1;31mE (861) BT_OSI: config_save, err_code: 0x2[0m

[1;31mE (941) BT_OSI: config_save: NVS not initialized. Call nvs_flash_init before initializing bluetooth.[0m
[1;31mE (951) BT_OSI: config_save, err_code: 0x2[0m

[1;31mE (951) BT_OSI: config_save: NVS not initialized. Call nvs_flash_init before initializing bluetooth.[0m
[1;31mE (961) BT_OSI: config_save, err_code: 0x2[0m

[1;31mE (961) BT_OSI: config_save: NVS not initialized. Call nvs_flash_init before initializing bluetooth.[0m
[1;31mE (971) BT_OSI: config_save, err_code: 0x2[0m

[1;31mE (971) BT_OSI: config_save: NVS not initialized. Call nvs_flash_init before initializing bluetooth.[0m
[1;31mE (981) BT_OSI: config_save, err_code: 0x2[0m

[0;32mI (991) BLE_MINIMAL: ESP_GATTS_REG_EVT[0m

assert failed: insert_free_block tlsf_control_functions.h:400 (current && "free list cannot have a null entry")


Backtrace: 0x4008f8a9:0x3ffcad00 0x4008f871:0x3ffcad20 0x40095c35:0x3ffcad40 0x40094c0b:0x3ffcae60 0x400943e6:0x3ffcae80 0x40081ec5:0x3ffcaea0 0x40081ff5:0x3ffcaec0 0x4008202d:0x3ffcaef0 0x40081ca4:0x3ffcaf10 0x40090b9d:0x3ffcaf30 0x4008fdae:0x3ffcaf50 0x40090024:0x3ffcaf70 0x4010773d:0x3ffcaf90 0x40106bb4:0x3ffcafb0 0x400f97b5:0x3ffcafd0 0x400f2b3c:0x3ffcaff0 0x40117d17:0x3ffcb030 0x4010a1f6:0x3ffcb080 0x4010a65a:0x3ffcb0a0 0x401078cb:0x3ffcb0c0 0x40090545:0x3ffcb0f0




ELF file SHA256: ba5622419

Rebooting...
ets Jul 29 2019 12:21:46

rst:0xc (SW_CPU_RESET),boot:0x13 (SPI_FAST_FLASH_BOOT)
configsip: 0, SPIWP:0xee
clk_drv:0x00,q_drv:0x00,d_drv:0x00,cs0_drv:0x00,hd_drv:0x00,wp_drv:0x00
mode:DIO, clock div:2
load:0x3fff0030,len:6372
load:0x40078000,len:15920
ho 0 tail 12 room 4
load:0x40080400,len:3880
entry 0x40080638
[0;32mI (29) boot: ESP-IDF v6.0-dev-1489-g4e036983a7 2nd stage bootloader[0m
[0;32mI (29) boot: compile time Aug  6 2025 12:13:21[0m
[0;32mI (29) boot: Multicore bootloader[0m
[0;32mI (32) boot: chip revision: v3.1[0m
[0;32mI (35) boot.esp32: SPI Speed      : 40MHz[0m
[0;32mI (39) boot.esp32: SPI Mode       : DIO[0m
[0;32mI (42) boot.esp32: SPI Flash Size : 2MB[0m
[0;32mI (46) boot: Enabling RNG early entropy source...[0m
[0;32mI (50) boot: Partition Table:[0m
[0;32mI (53) boot: ## Label            Usage          Type ST Offset   Length[0m
[0;32mI (59) boot:  0 nvs              WiFi data        01 02 00009000 00006000[0m
[0;32mI (66) boot:  1 phy_init         RF data          01 01 0000f000 00001000[0m
[0;32mI (72) boot:  2 factory          factory app      00 00 00010000 00100000[0m
[0;32mI (79) boot: End of partition table[0m
[0;32mI (82) esp_image: segment 0: paddr=00010020 vaddr=3f400020 size=1e6b8h (124600) map[0m
[0;32mI (134) esp_image: segment 1: paddr=0002e6e0 vaddr=3ffbdb60 size=01938h (  6456) load[0m
[0;32mI (136) esp_image: segment 2: paddr=00030020 vaddr=400d0020 size=73d7ch (474492) map[0m
[0;32mI (305) esp_image: segment 3: paddr=000a3da4 vaddr=3ffbf498 size=0318ch ( 12684) load[0m
[0;32mI (310) esp_image: segment 4: paddr=000a6f38 vaddr=40080000 size=189d4h (100820) load[0m
[0;32mI (351) esp_image: segment 5: paddr=000bf914 vaddr=50000000 size=00024h (    36) load[0m
[0;32mI (364) boot: Loaded app from partition at offset 0x10000[0m
[0;32mI (364) boot: Disabling RNG early entropy source...[0m
[0;32mI (375) cpu_start: Multicore app[0m
[0;32mI (383) cpu_start: GPIO 3 and 1 are used as console UART I/O pins[0m
[0;32mI (383) cpu_start: Pro cpu start user code[0m
[0;32mI (383) cpu_start: cpu freq: 160000000 Hz[0m
[0;32mI (385) app_init: Application information:[0m
[0;32mI (389) app_init: Project name:     esp32_ble_obd_bridge[0m
[0;32mI (394) app_init: App version:      d82700a[0m
[0;32mI (398) app_init: Compile time:     Aug  7 2025 09:08:12[0m
[0;32mI (403) app_init: ELF file SHA256:  ba5622419...[0m
[0;32mI (407) app_init: ESP-IDF:          v6.0-dev-1489-g4e036983a7[0m
[0;32mI (413) efuse_init: Min chip rev:     v0.0[0m
[0;32mI (416) efuse_init: Max chip rev:     v3.99 [0m
[0;32mI (420) efuse_init: Chip rev:         v3.1[0m
[0;32mI (425) heap_init: Initializing. RAM available for dynamic allocation:[0m
[0;32mI (431) heap_init: At 3FFAFF10 len 000000F0 (0 KiB): DRAM[0m
[0;32mI (436) heap_init: At 3FFB6388 len 00001C78 (7 KiB): DRAM[0m
[0;32mI (441) heap_init: At 3FFB9A20 len 00004108 (16 KiB): DRAM[0m
[0;32mI (446) heap_init: At 3FFC6F30 len 000190D0 (100 KiB): DRAM[0m
[0;32mI (451) heap_init: At 3FFE0440 len 00003AE0 (14 KiB): D/IRAM[0m
[0;32mI (457) heap_init: At 3FFE4350 len 0001BCB0 (111 KiB): D/IRAM[0m
[0;32mI (462) heap_init: At 400989D4 len 0000762C (29 KiB): IRAM[0m
[0;32mI (469) spi_flash: detected chip: generic[0m
[0;32mI (471) spi_flash: flash io: dio[0m
[0;33mW (474) spi_flash: Detected size(4096k) larger than the size in the binary image header(2048k). Using the size in the binary image header.[0m
[0;32mI (487) coexist: coex firmware version: 831ec70[0m
[0;32mI (491) main_task: Started on CPU0[0m
[0;32mI (501) main_task: Calling app_main()[0m
[1;31mE (501) SPIFFS: spiffs partition could not be found[0m
[1;31mE (501) MAIN: SPIFFS Init fail (261)[0m
[0;32mI (501) BTDM_INIT: BT controller compile version [d9a3de0][0m
[0;32mI (501) BTDM_INIT: Using main XTAL as clock source[0m
[0;32mI (511) BTDM_INIT: Bluetooth MAC: 90:15:06:94:33:2e[0m
[0;32mI (521) phy_init: phy_version 4860,6b7a6e5,Feb  6 2025,14:47:07[0m
[1;31mE (521) phy_init: esp_phy_load_cal_data_from_nvs: NVS has not been initialized. Call nvs_flash_init before starting WiFi/BT.[0m
[0;33mW (531) phy_init: failed to load RF calibration data (0x1101), falling back to full calibration[0m
[0;32mI (601) phy_init: Saving new calibration data due to checksum failure or outdated calibration data, mode(2)[0m
[1;31mE (841) BT_OSI: config_new: NVS not initialized. Call nvs_flash_init before initializing bluetooth.[0m
[0;33mW (841) BT_BTC: btc_config_init unable to load config file; starting unconfigured.[0m

[1;31mE (851) BT_OSI: config_save: NVS not initialized. Call nvs_flash_init before initializing bluetooth.[0m
[1;31mE (861) BT_OSI: config_save, err_code: 0x2[0m

[1;31mE (941) BT_OSI: config_save: NVS not initialized. Call nvs_flash_init before initializing bluetooth.[0m
[1;31mE (941) BT_OSI: config_save, err_code: 0x2[0m

[1;31mE (941) BT_OSI: config_save: NVS not initialized. Call nvs_flash_init before initializing bluetooth.[0m
[1;31mE (951) BT_OSI: config_save, err_code: 0x2[0m

[1;31mE (951) BT_OSI: config_save: NVS not initialized. Call nvs_flash_init before initializing bluetooth.[0m
[1;31mE (961) BT_OSI: config_save, err_code: 0x2[0m

[1;31mE (971) BT_OSI: config_save: NVS not initialized. Call nvs_flash_init before initializing bluetooth.[0m
[1;31mE (981) BT_OSI: config_save, err_code: 0x2[0m

[0;32mI (981) BLE_MINIMAL: ESP_GATTS_REG_EVT[0m

assert failed: insert_free_block tlsf_control_functions.h:400 (current && "free list cannot have a null entry")


Backtrace: 0x4008f8a9:0x3ffcad00 0x4008f871:0x3ffcad20 0x40095c35:0x3ffcad40 0x40094c0b:0x3ffcae60 0x400943e6:0x3ffcae80 0x40081ec5:0x3ffcaea0 0x40081ff5:0x3ffcaec0 0x4008202d:0x3ffcaef0 0x40081ca4:0x3ffcaf10 0x40090b9d:0x3ffcaf30 0x4008fdae:0x3ffcaf50 0x40090024:0x3ffcaf70 0x4010773d:0x3ffcaf90 0x40106bb4:0x3ffcafb0 0x400f97b5:0x3ffcafd0 0x400f2b3c:0x3ffcaff0 0x40117d17:0x3ffcb030 0x4010a1f6:0x3ffcb080 0x4010a65a:0x3ffcb0a0 0x401078cb:0x3ffcb0c0 0x40090545:0x3ffcb0f0




ELF file SHA256: ba5622419

Rebooting...
ets Jul 29 2019 12:21:46

rst:0xc (SW_CPU_RESET),boot:0x13 (SPI_FAST_FLASH_BOOT)
configsip: 0, SPIWP:0xee
clk_drv:0x00,q_drv:0x00,d_drv:0x00,cs0_drv:0x00,hd_drv:0x00,wp_drv:0x00
mode:DIO, clock div:2
load:0x3fff0030,len:6372
load:0x40078000,len:15920
ho 0 tail 12 room 4
load:0x40080400,len:3880
entry 0x40080638
[0;32mI (29) boot: ESP-IDF v6.0-dev-1489-g4e036983a7 2nd stage bootloader[0m
[0;32mI (29) boot: compile time Aug  6 2025 12:13:21[0m
[0;32mI (29) boot: Multicore bootloader[0m
[0;32mI (32) boot: chip revision: v3.1[0m
[0;32mI (35) boot.esp32: SPI Speed      : 40MHz[0m
[0;32mI (39) boot.esp32: SPI Mode       : DIO[0m
[0;32mI (42) boot.esp32: SPI Flash Size : 2MB[0m
[0;32mI (46) boot: Enabling RNG early entropy source...[0m
[0;32mI (50) boot: Partition Table:[0m
[0;32mI (53) boot: ## Label            Usage          Type ST Offset   Length[0m
[0;32mI (59) boot:  0 nvs              WiFi data        01 02 00009000 00006000[0m
[0;32mI (66) boot:  1 phy_init         RF data          01 01 0000f000 00001000[0m
[0;32mI (72) boot:  2 factory          factory app      00 00 00010000 00100000[0m
[0;32mI (79) boot: End of partition table[0m
[0;32mI (82) esp_image: segment 0: paddr=00010020 vaddr=3f400020 size=1e6b8h (124600) map[0m
[0;32mI (134) esp_image: segment 1: paddr=0002e6e0 vaddr=3ffbdb60 size=01938h (  6456) load[0m
[0;32mI (136) esp_image: segment 2: paddr=00030020 vaddr=400d0020 size=73d7ch (474492) map[0m
[0;32mI (305) esp_image: segment 3: paddr=000a3da4 vaddr=3ffbf498 size=0318ch ( 12684) load[0m
[0;32mI (310) esp_image: segment 4: paddr=000a6f38 vaddr=40080000 size=189d4h (100820) load[0m
[0;32mI (351) esp_image: segment 5: paddr=000bf914 vaddr=50000000 size=00024h (    36) load[0m
[0;32mI (364) boot: Loaded app from partition at offset 0x10000[0m
[0;32mI (364) boot: Disabling RNG early entropy source...[0m
[0;32mI (375) cpu_start: Multicore app[0m
[0;32mI (383) cpu_start: GPIO 3 and 1 are used as console UART I/O pins[0m
[0;32mI (383) cpu_start: Pro cpu start user code[0m
[0;32mI (383) cpu_start: cpu freq: 160000000 Hz[0m
[0;32mI (385) app_init: Application information:[0m
[0;32mI (389) app_init: Project name:     esp32_ble_obd_bridge[0m
[0;32mI (394) app_init: App version:      d82700a[0m
[0;32mI (398) app_init: Compile time:     Aug  7 2025 09:08:12[0m
[0;32mI (403) app_init: ELF file SHA256:  ba5622419...[0m
[0;32mI (407) app_init: ESP-IDF:          v6.0-dev-1489-g4e036983a7[0m
[0;32mI (413) efuse_init: Min chip rev:     v0.0[0m
[0;32mI (416) efuse_init: Max chip rev:     v3.99 [0m
[0;32mI (420) efuse_init: Chip rev:         v3.1[0m
[0;32mI (425) heap_init: Initializing. RAM available for dynamic allocation:[0m
[0;32mI (431) heap_init: At 3FFAFF10 len 000000F0 (0 KiB): DRAM[0m
[0;32mI (436) heap_init: At 3FFB6388 len 00001C78 (7 KiB): DRAM[0m
[0;32mI (441) heap_init: At 3FFB9A20 len 00004108 (16 KiB): DRAM[0m
[0;32mI (446) heap_init: At 3FFC6F30 len 000190D0 (100 KiB): DRAM[0m
[0;32mI (451) heap_init: At 3FFE0440 len 00003AE0 (14 KiB): D/IRAM[0m
[0;32mI (457) heap_init: At 3FFE4350 len 0001BCB0 (111 KiB): D/IRAM[0m
[0;32mI (462) heap_init: At 400989D4 len 0000762C (29 KiB): IRAM[0m
[0;32mI (469) spi_flash: detected chip: generic[0m
[0;32mI (471) spi_flash: flash io: dio[0m
[0;33mW (474) spi_flash: Detected size(4096k) larger than the size in the binary image header(2048k). Using the size in the binary image header.[0m
[0;32mI (487) coexist: coex firmware version: 831ec70[0m
[0;32mI (491) main_task: Started on CPU0[0m
[0;32mI (501) main_task: Calling app_main()[0m
[1;31mE (501) SPIFFS: spiffs partition could not be found[0m
[1;31mE (501) MAIN: SPIFFS Init fail (261)[0m
[0;32mI (501) BTDM_INIT: BT controller compile version [d9a3de0][0m
[0;32mI (501) BTDM_INIT: Using main XTAL as clock source[0m
[0;32mI (511) BTDM_INIT: Bluetooth MAC: 90:15:06:94:33:2e[0m
[0;32mI (521) phy_init: phy_version 4860,6b7a6e5,Feb  6 2025,14:47:07[0m
[1;31mE (521) phy_init: esp_phy_load_cal_data_from_nvs: NVS has not been initialized. Call nvs_flash_init before starting WiFi/BT.[0m
[0;33mW (531) phy_init: failed to load RF calibration data (0x1101), falling back to full calibration[0m
[0;32mI (601) phy_init: Saving new calibration data due to checksum failure or outdated calibration data, mode(2)[0m
[1;31mE (851) BT_OSI: config_new: NVS not initialized. Call nvs_flash_init before initializing bluetooth.[0m
[0;33mW (851) BT_BTC: btc_config_init unable to load config file; starting unconfigured.[0m

[1;31mE (851) BT_OSI: config_save: NVS not initialized. Call nvs_flash_init before initializing bluetooth.[0m
[1;31mE (861) BT_OSI: config_save, err_code: 0x2[0m

[1;31mE (941) BT_OSI: config_save: NVS not initialized. Call nvs_flash_init before initializing bluetooth.[0m
[1;31mE (941) BT_OSI: config_save, err_code: 0x2[0m

[1;31mE (951) BT_OSI: config_save: NVS not initialized. Call nvs_flash_init before initializing bluetooth.[0m
[1;31mE (951) BT_OSI: config_save, err_code: 0x2[0m

[1;31mE (961) BT_OSI: config_save: NVS not initialized. Call nvs_flash_init before initializing bluetooth.[0m
[1;31mE (971) BT_OSI: config_save, err_code: 0x2[0m

[1;31mE (971) BT_OSI: config_save: NVS not initialized. Call nvs_flash_init before initializing bluetooth.[0m
[1;31mE (981) BT_OSI: config_save, err_code: 0x2[0m

[0;32mI (981) BLE_MINIMAL: ESP_GATTS_REG_EVT[0m

***ERROR*** A stack overflow in task BTC_TASK has been detected.


Backtrace: 0x4008f8a9:0x3ffc7cd0 0x4008f871:0x3ffc7cf0 0x40090902:0x3ffc7d10 0x40091973:0x3ffc7d90 0x40090a0c:0x3ffc7db0 0x400909be:0x3ffc7df0 0x3f40e3b9:0x3ffbe494 |<-CORRUPTED




ELF file SHA256: ba5622419

Rebooting...
ets Jul 29 2019 12:21:46

rst:0xc (SW_CPU_RESET),boot:0x13 (SPI_FAST_FLASH_BOOT)
configsip: 0, SPIWP:0xee
clk_drv:0x00,q_drv:0x00,d_drv:0x00,cs0_drv:0x00,hd_drv:0x00,wp_drv:0x00
mode:DIO, clock div:2
load:0x3fff0030,len:6372
load:0x40078000,len:15920
ho 0 tail 12 room 4
load:0x40080400,len:3880
entry 0x40080638
[0;32mI (29) boot: ESP-IDF v6.0-dev-1489-g4e036983a7 2nd stage bootloader[0m
[0;32mI (29) boot: compile time Aug  6 2025 12:13:21[0m
[0;32mI (29) boot: Multicore bootloader[0m
[0;32mI (32) boot: chip revision: v3.1[0m
[0;32mI (35) boot.esp32: SPI Speed      : 40MHz[0m
[0;32mI (39) boot.esp32: SPI Mode       : DIO[0m
[0;32mI (42) boot.esp32: SPI Flash Size : 2MB[0m
[0;32mI (46) boot: Enabling RNG early entropy source...[0m
[0;32mI (50) boot: Partition Table:[0m
[0;32mI (53) boot: ## Label            Usage          Type ST Offset   Length[0m
[0;32mI (59) boot:  0 nvs              WiFi data        01 02 00009000 00006000[0m
[0;32mI (66) boot:  1 phy_init         RF data          01 01 0000f000 00001000[0m
[0;32mI (72) boot:  2 factory          factory app      00 00 00010000 00100000[0m
[0;32mI (79) boot: End of partition table[0m
[0;32mI (82) esp_image: segment 0: paddr=00010020 vaddr=3f400020 size=1e6b8h (124600) map[0m
[0;32mI (134) esp_image: segment 1: paddr=0002e6e0 vaddr=3ffbdb60 size=01938h (  6456) load[0m
[0;32mI (136) esp_image: segment 2: paddr=00030020 vaddr=400d0020 size=73d7ch (474492) map[0m
[0;32mI (305) esp_image: segment 3: paddr=000a3da4 vaddr=3ffbf498 size=0318ch ( 12684) load[0m
[0;32mI (310) esp_image: segment 4: paddr=000a6f38 vaddr=40080000 size=189d4h (100820) load[0m
[0;32mI (351) esp_image: segment 5: paddr=000bf914 vaddr=50000000 size=00024h (    36) load[0m
[0;32mI (364) boot: Loaded app from partition at offset 0x10000[0m
[0;32mI (364) boot: Disabling RNG early entropy source...[0m
[0;32mI (375) cpu_start: Multicore app[0m
[0;32mI (383) cpu_start: GPIO 3 and 1 are used as console UART I/O pins[0m
[0;32mI (383) cpu_start: Pro cpu start user code[0m
[0;32mI (383) cpu_start: cpu freq: 160000000 Hz[0m
[0;32mI (385) app_init: Application information:[0m
[0;32mI (389) app_init: Project name:     esp32_ble_obd_bridge[0m
[0;32mI (394) app_init: App version:      d82700a[0m
[0;32mI (398) app_init: Compile time:     Aug  7 2025 09:08:12[0m
[0;32mI (403) app_init: ELF file SHA256:  ba5622419...[0m
[0;32mI (407) app_init: ESP-IDF:          v6.0-dev-1489-g4e036983a7[0m
[0;32mI (413) efuse_init: Min chip rev:     v0.0[0m
[0;32mI (416) efuse_init: Max chip rev:     v3.99 [0m
[0;32mI (420) efuse_init: Chip rev:         v3.1[0m
[0;32mI (425) heap_init: Initializing. RAM available for dynamic allocation:[0m
[0;32mI (431) heap_init: At 3FFAFF10 len 000000F0 (0 KiB): DRAM[0m
[0;32mI (436) heap_init: At 3FFB6388 len 00001C78 (7 KiB): DRAM[0m
[0;32mI (441) heap_init: At 3FFB9A20 len 00004108 (16 KiB): DRAM[0m
[0;32mI (446) heap_init: At 3FFC6F30 len 000190D0 (100 KiB): DRAM[0m
[0;32mI (451) heap_init: At 3FFE0440 len 00003AE0 (14 KiB): D/IRAM[0m
[0;32mI (457) heap_init: At 3FFE4350 len 0001BCB0 (111 KiB): D/IRAM[0m
[0;32mI (462) heap_init: At 400989D4 len 0000762C (29 KiB): IRAM[0m
[0;32mI (469) spi_flash: detected chip: generic[0m
[0;32mI (471) spi_flash: flash io: dio[0m
[0;33mW (474) spi_flash: Detected size(4096k) larger than the size in the binary image header(2048k). Using the size in the binary image header.[0m
[0;32mI (487) coexist: coex firmware version: 831ec70[0m
[0;32mI (491) main_task: Started on CPU0[0m
[0;32mI (501) main_task: Calling app_main()[0m
[1;31mE (501) SPIFFS: spiffs partition could not be found[0m
[1;31mE (501) MAIN: SPIFFS Init fail (261)[0m
[0;32mI (501) BTDM_INIT: BT controller compile version [d9a3de0][0m
[0;32mI (501) BTDM_INIT: Using main XTAL as clock source[0m
[0;32mI (511) BTDM_INIT: Bluetooth MAC: 90:15:06:94:33:2e[0m
[0;32mI (521) phy_init: phy_version 4860,6b7a6e5,Feb  6 2025,14:47:07[0m
[1;31mE (521) phy_init: esp_phy_load_cal_data_from_nvs: NVS has not been initialized. Call nvs_flash_init before starting WiFi/BT.[0m
[0;33mW (531) phy_init: failed to load RF calibration data (0x1101), falling back to full calibration[0m
[0;32mI (601) phy_init: Saving new calibration data due to checksum failure or outdated calibration data, mode(2)[0m
[1;31mE (851) BT_OSI: config_new: NVS not initialized. Call nvs_flash_init before initializing bluetooth.[0m
[0;33mW (851) BT_BTC: btc_config_init unable to load config file; starting unconfigured.[0m

[1;31mE (861) BT_OSI: config_save: NVS not initialized. Call nvs_flash_init before initializing bluetooth.[0m
[1;31mE (871) BT_OSI: config_save, err_code: 0x2[0m

[1;31mE (951) BT_OSI: config_save: NVS not initialized. Call nvs_flash_init before initializing bluetooth.[0m
[1;31mE (951) BT_OSI: config_save, err_code: 0x2[0m

[1;31mE (951) BT_OSI: config_save: NVS not initialized. Call nvs_flash_init before initializing bluetooth.[0m
[1;31mE (961) BT_OSI: config_save, err_code: 0x2[0m

[1;31mE (961) BT_OSI: config_save: NVS not initialized. Call nvs_flash_init before initializing bluetooth.[0m
[1;31mE (971) BT_OSI: config_save, err_code: 0x2[0m

[1;31mE (971) BT_OSI: config_save: NVS not initialized. Call nvs_flash_init before initializing bluetooth.[0m
[1;31mE (981) BT_OSI: config_save, err_code: 0x2[0m

[0;32mI (991) BLE_MINIMAL: ESP_GATTS_REG_EVT[0m

assert failed: insert_free_block tlsf_control_functions.h:400 (current && "free list cannot have a null entry")


Backtrace: 0x4008f8a9:0x3ffcad00 0x4008f871:0x3ffcad20 0x40095c35:0x3ffcad40 0x40094c0b:0x3ffcae60 0x400943e6:0x3ffcae80 0x40081ec5:0x3ffcaea0 0x40081ff5:0x3ffcaec0 0x4008202d:0x3ffcaef0 0x40081ca4:0x3ffcaf10 0x40090b9d:0x3ffcaf30 0x4008fdae:0x3ffcaf50 0x40090024:0x3ffcaf70 0x4010773d:0x3ffcaf90 0x40106bb4:0x3ffcafb0 0x400f97b5:0x3ffcafd0 0x400f2b3c:0x3ffcaff0 0x40117d17:0x3ffcb030 0x4010a1f6:0x3ffcb080 0x4010a65a:0x3ffcb0a0 0x401078cb:0x3ffcb0c0 0x40090545:0x3ffcb0f0




ELF file SHA256: ba5622419

Rebooting...
ets Jul 29 2019 12:21:46

rst:0xc (SW_CPU_RESET),boot:0x13 (SPI_FAST_FLASH_BOOT)
configsip: 0, SPIWP:0xee
clk_drv:0x00,q_drv:0x00,d_drv:0x00,cs0_drv:0x00,hd_drv:0x00,wp_drv:0x00
mode:DIO, clock div:2
load:0x3fff0030,len:6372
load:0x40078000,len:15920
ho 0 tail 12 room 4
load:0x40080400,len:3880
entry 0x40080638
[0;32mI (29) boot: ESP-IDF v6.0-dev-1489-g4e036983a7 2nd stage bootloader[0m
[0;32mI (29) boot: compile time Aug  6 2025 12:13:21[0m
[0;32mI (29) boot: Multicore bootloader[0m
[0;32mI (32) boot: chip revision: v3.1[0m
[0;32mI (35) boot.esp32: SPI Speed      : 40MHz[0m
[0;32mI (39) boot.esp32: SPI Mode       : DIO[0m
[0;32mI (42) boot.esp32: SPI Flash Size : 2MB[0m
[0;32mI (46) boot: Enabling RNG early entropy source...[0m
[0;32mI (50) boot: Partition Table:[0m
[0;32mI (53) boot: ## Label            Usage          Type ST Offset   Length[0m
[0;32mI (59) boot:  0 nvs              WiFi data        01 02 00009000 00006000[0m
[0;32mI (66) boot:  1 phy_init         RF data          01 01 0000f000 00001000[0m
[0;32mI (72) boot:  2 factory          factory app      00 00 00010000 00100000[0m
[0;32mI (79) boot: End of partition table[0m
[0;32mI (82) esp_image: segment 0: paddr=00010020 vaddr=3f400020 size=1e6b8h (124600) map[0m
[0;32mI (134) esp_image: segment 1: paddr=0002e6e0 vaddr=3ffbdb60 size=01938h (  6456) load[0m
[0;32mI (136) esp_image: segment 2: paddr=00030020 vaddr=400d0020 size=73d7ch (474492) map[0m
[0;32mI (305) esp_image: segment 3: paddr=000a3da4 vaddr=3ffbf498 size=0318ch ( 12684) load[0m
[0;32mI (310) esp_image: segment 4: paddr=000a6f38 vaddr=40080000 size=189d4h (100820) load[0m
[0;32mI (351) esp_image: segment 5: paddr=000bf914 vaddr=50000000 size=00024h (    36) load[0m
[0;32mI (364) boot: Loaded app from partition at offset 0x10000[0m
[0;32mI (364) boot: Disabling RNG early entropy source...[0m
[0;32mI (375) cpu_start: Multicore app[0m
[0;32mI (383) cpu_start: GPIO 3 and 1 are used as console UART I/O pins[0m
[0;32mI (383) cpu_start: Pro cpu start user code[0m
[0;32mI (383) cpu_start: cpu freq: 160000000 Hz[0m
[0;32mI (385) app_init: Application information:[0m
[0;32mI (389) app_init: Project name:     esp32_ble_obd_bridge[0m
[0;32mI (394) app_init: App version:      d82700a[0m
[0;32mI (398) app_init: Compile time:     Aug  7 2025 09:08:12[0m
[0;32mI (403) app_init: ELF file SHA256:  ba5622419...[0m
[0;32mI (407) app_init: ESP-IDF:          v6.0-dev-1489-g4e036983a7[0m
[0;32mI (413) efuse_init: Min chip rev:     v0.0[0m
[0;32mI (416) efuse_init: Max chip rev:     v3.99 [0m
[0;32mI (420) efuse_init: Chip rev:         v3.1[0m
[0;32mI (425) heap_init: Initializing. RAM available for dynamic allocation:[0m
[0;32mI (431) heap_init: At 3FFAFF10 len 000000F0 (0 KiB): DRAM[0m
[0;32mI (436) heap_init: At 3FFB6388 len 00001C78 (7 KiB): DRAM[0m
[0;32mI (441) heap_init: At 3FFB9A20 len 00004108 (16 KiB): DRAM[0m
[0;32mI (446) heap_init: At 3FFC6F30 len 000190D0 (100 KiB): DRAM[0m
[0;32mI (451) heap_init: At 3FFE0440 len 00003AE0 (14 KiB): D/IRAM[0m
[0;32mI (457) heap_init: At 3FFE4350 len 0001BCB0 (111 KiB): D/IRAM[0m
[0;32mI (462) heap_init: At 400989D4 len 0000762C (29 KiB): IRAM[0m
[0;32mI (469) spi_flash: detected chip: generic[0m
[0;32mI (471) spi_flash: flash io: dio[0m
[0;33mW (474) spi_flash: Detected size(4096k) larger than the size in the binary image header(2048k). Using the size in the binary image header.[0m
[0;32mI (487) coexist: coex firmware version: 831ec70[0m
[0;32mI (491) main_task: Started on CPU0[0m
[0;32mI (501) main_task: Calling app_main()[0m
[1;31mE (501) SPIFFS: spiffs partition could not be found[0m
[1;31mE (501) MAIN: SPIFFS Init fail (261)[0m
[0;32mI (501) BTDM_INIT: BT controller compile version [d9a3de0][0m
[0;32mI (501) BTDM_INIT: Using main XTAL as clock source[0m
[0;32mI (511) BTDM_INIT: Bluetooth MAC: 90:15:06:94:33:2e[0m
[0;32mI (521) phy_init: phy_version 4860,6b7a6e5,Feb  6 2025,14:47:07[0m
[1;31mE (521) phy_init: esp_phy_load_cal_data_from_nvs: NVS has not been initialized. Call nvs_flash_init before starting WiFi/BT.[0m
[0;33mW (531) phy_init: failed to load RF calibration data (0x1101), falling back to full calibration[0m
[0;32mI (601) phy_init: Saving new calibration data due to checksum failure or outdated calibration data, mode(2)[0m
[1;31mE (841) BT_OSI: config_new: NVS not initialized. Call nvs_flash_init before initializing bluetooth.[0m
[0;33mW (841) BT_BTC: btc_config_init unable to load config file; starting unconfigured.[0m

[1;31mE (851) BT_OSI: config_save: NVS not initialized. Call nvs_flash_init before initializing bluetooth.[0m
[1;31mE (861) BT_OSI: config_save, err_code: 0x2[0m

[1;31mE (941) BT_OSI: config_save: NVS not initialized. Call nvs_flash_init before initializing bluetooth.[0m
[1;31mE (941) BT_OSI: config_save, err_code: 0x2[0m

[1;31mE (941) BT_OSI: config_save: NVS not initialized. Call nvs_flash_init before initializing bluetooth.[0m
[1;31mE (951) BT_OSI: config_save, err_code: 0x2[0m

[1;31mE (951) BT_OSI: config_save: NVS not initialized. Call nvs_flash_init before initializing bluetooth.[0m
[1;31mE (961) BT_OSI: config_save, err_code: 0x2[0m

[1;31mE (961) BT_OSI: config_save: NVS not initialized. Call nvs_flash_init before initializing bluetooth.[0m
[1;31mE (971) BT_OSI: config_save, err_code: 0x2[0m

[0;32mI (981) BLE_MINIMAL: ESP_GATTS_REG_EVT[0m

assert failed: insert_free_block tlsf_control_functions.h:400 (current && "free list cannot have a null entry")


Backtrace: 0x4008f8a9:0x3ffcad00 0x4008f871:0x3ffcad20 0x40095c35:0x3ffcad40 0x40094c0b:0x3ffcae60 0x400943e6:0x3ffcae80 0x40081ec5:0x3ffcaea0 0x40081ff5:0x3ffcaec0 0x4008202d:0x3ffcaef0 0x40081ca4:0x3ffcaf10 0x40090b9d:0x3ffcaf30 0x4008fdae:0x3ffcaf50 0x40090024:0x3ffcaf70 0x4010773d:0x3ffcaf90 0x40106bb4:0x3ffcafb0 0x400f97b5:0x3ffcafd0 0x400f2b3c:0x3ffcaff0 0x40117d17:0x3ffcb030 0x4010a1f6:0x3ffcb080 0x4010a65a:0x3ffcb0a0 0x401078cb:0x3ffcb0c0 0x40090545:0x3ffcb0f0




ELF file SHA256: ba5622419

Rebooting...
ets Jul 29 2019 12:21:46

rst:0xc (SW_CPU_RESET),boot:0x13 (SPI_FAST_FLASH_BOOT)
configsip: 0, SPIWP:0xee
clk_drv:0x00,q_drv:0x00,d_drv:0x00,cs0_drv:0x00,hd_drv:0x00,wp_drv:0x00
mode:DIO, clock div:2
load:0x3fff0030,len:6372
load:0x40078000,len:15920
ho 0 tail 12 room 4
load:0x40080400,len:3880
entry 0x40080638
[0;32mI (29) boot: ESP-IDF v6.0-dev-1489-g4e036983a7 2nd stage bootloader[0m
[0;32mI (29) boot: compile time Aug  6 2025 12:13:21[0m
[0;32mI (29) boot: Multicore bootloader[0m
[0;32mI (32) boot: chip revision: v3.1[0m
[0;32mI (35) boot.esp32: SPI Speed      : 40MHz[0m
[0;32mI (39) boot.esp32: SPI Mode       : DIO[0m
